Archive member included to satisfy reference by file (symbol)

c:/progra~2/armgnu~1/12977f~1.2mp/bin/../lib/gcc/arm-none-eabi/12.2.1/thumb/v6-m/nofp\libg.a(libc_a-exit.o)
                              c:/progra~2/armgnu~1/12977f~1.2mp/bin/../lib/gcc/arm-none-eabi/12.2.1/thumb/v6-m/nofp/crt0.o (exit)
c:/progra~2/armgnu~1/12977f~1.2mp/bin/../lib/gcc/arm-none-eabi/12.2.1/thumb/v6-m/nofp\libg.a(libc_a-findfp.o)
                              c:/progra~2/armgnu~1/12977f~1.2mp/bin/../lib/gcc/arm-none-eabi/12.2.1/thumb/v6-m/nofp\libg.a(libc_a-exit.o) (__stdio_exit_handler)
c:/progra~2/armgnu~1/12977f~1.2mp/bin/../lib/gcc/arm-none-eabi/12.2.1/thumb/v6-m/nofp\libg.a(libc_a-fwalk.o)
                              c:/progra~2/armgnu~1/12977f~1.2mp/bin/../lib/gcc/arm-none-eabi/12.2.1/thumb/v6-m/nofp\libg.a(libc_a-findfp.o) (_fwalk_sglue)
c:/progra~2/armgnu~1/12977f~1.2mp/bin/../lib/gcc/arm-none-eabi/12.2.1/thumb/v6-m/nofp\libg.a(libc_a-stdio.o)
                              c:/progra~2/armgnu~1/12977f~1.2mp/bin/../lib/gcc/arm-none-eabi/12.2.1/thumb/v6-m/nofp\libg.a(libc_a-findfp.o) (__sread)
c:/progra~2/armgnu~1/12977f~1.2mp/bin/../lib/gcc/arm-none-eabi/12.2.1/thumb/v6-m/nofp\libg.a(libc_a-memset.o)
                              c:/progra~2/armgnu~1/12977f~1.2mp/bin/../lib/gcc/arm-none-eabi/12.2.1/thumb/v6-m/nofp/crt0.o (memset)
c:/progra~2/armgnu~1/12977f~1.2mp/bin/../lib/gcc/arm-none-eabi/12.2.1/thumb/v6-m/nofp\libg.a(libc_a-closer.o)
                              c:/progra~2/armgnu~1/12977f~1.2mp/bin/../lib/gcc/arm-none-eabi/12.2.1/thumb/v6-m/nofp\libg.a(libc_a-stdio.o) (_close_r)
c:/progra~2/armgnu~1/12977f~1.2mp/bin/../lib/gcc/arm-none-eabi/12.2.1/thumb/v6-m/nofp\libg.a(libc_a-reent.o)
                              c:/progra~2/armgnu~1/12977f~1.2mp/bin/../lib/gcc/arm-none-eabi/12.2.1/thumb/v6-m/nofp\libg.a(libc_a-closer.o) (errno)
c:/progra~2/armgnu~1/12977f~1.2mp/bin/../lib/gcc/arm-none-eabi/12.2.1/thumb/v6-m/nofp\libg.a(libc_a-impure.o)
                              c:/progra~2/armgnu~1/12977f~1.2mp/bin/../lib/gcc/arm-none-eabi/12.2.1/thumb/v6-m/nofp\libg.a(libc_a-reent.o) (_impure_ptr)
c:/progra~2/armgnu~1/12977f~1.2mp/bin/../lib/gcc/arm-none-eabi/12.2.1/thumb/v6-m/nofp\libg.a(libc_a-lseekr.o)
                              c:/progra~2/armgnu~1/12977f~1.2mp/bin/../lib/gcc/arm-none-eabi/12.2.1/thumb/v6-m/nofp\libg.a(libc_a-stdio.o) (_lseek_r)
c:/progra~2/armgnu~1/12977f~1.2mp/bin/../lib/gcc/arm-none-eabi/12.2.1/thumb/v6-m/nofp\libg.a(libc_a-readr.o)
                              c:/progra~2/armgnu~1/12977f~1.2mp/bin/../lib/gcc/arm-none-eabi/12.2.1/thumb/v6-m/nofp\libg.a(libc_a-stdio.o) (_read_r)
c:/progra~2/armgnu~1/12977f~1.2mp/bin/../lib/gcc/arm-none-eabi/12.2.1/thumb/v6-m/nofp\libg.a(libc_a-writer.o)
                              c:/progra~2/armgnu~1/12977f~1.2mp/bin/../lib/gcc/arm-none-eabi/12.2.1/thumb/v6-m/nofp\libg.a(libc_a-stdio.o) (_write_r)
c:/progra~2/armgnu~1/12977f~1.2mp/bin/../lib/gcc/arm-none-eabi/12.2.1/thumb/v6-m/nofp\libg.a(libc_a-init.o)
                              c:/progra~2/armgnu~1/12977f~1.2mp/bin/../lib/gcc/arm-none-eabi/12.2.1/thumb/v6-m/nofp/crt0.o (__libc_init_array)
c:/progra~2/armgnu~1/12977f~1.2mp/bin/../lib/gcc/arm-none-eabi/12.2.1/thumb/v6-m/nofp\libg.a(libc_a-lock.o)
                              c:/progra~2/armgnu~1/12977f~1.2mp/bin/../lib/gcc/arm-none-eabi/12.2.1/thumb/v6-m/nofp\libg.a(libc_a-findfp.o) (__retarget_lock_init_recursive)
c:/progra~2/armgnu~1/12977f~1.2mp/bin/../lib/gcc/arm-none-eabi/12.2.1/thumb/v6-m/nofp\libg.a(libc_a-__call_atexit.o)
                              c:/progra~2/armgnu~1/12977f~1.2mp/bin/../lib/gcc/arm-none-eabi/12.2.1/thumb/v6-m/nofp\libg.a(libc_a-exit.o) (__call_exitprocs)
c:/progra~2/armgnu~1/12977f~1.2mp/bin/../lib/gcc/arm-none-eabi/12.2.1/thumb/v6-m/nofp\libg.a(libc_a-atexit.o)
                              c:/progra~2/armgnu~1/12977f~1.2mp/bin/../lib/gcc/arm-none-eabi/12.2.1/thumb/v6-m/nofp\libg.a(libc_a-__call_atexit.o) (atexit)
c:/progra~2/armgnu~1/12977f~1.2mp/bin/../lib/gcc/arm-none-eabi/12.2.1/thumb/v6-m/nofp\libg.a(libc_a-freer.o)
                              c:/progra~2/armgnu~1/12977f~1.2mp/bin/../lib/gcc/arm-none-eabi/12.2.1/thumb/v6-m/nofp\libg.a(libc_a-reent.o) (_free_r)
c:/progra~2/armgnu~1/12977f~1.2mp/bin/../lib/gcc/arm-none-eabi/12.2.1/thumb/v6-m/nofp\libg.a(libc_a-mallocr.o)
                              c:/progra~2/armgnu~1/12977f~1.2mp/bin/../lib/gcc/arm-none-eabi/12.2.1/thumb/v6-m/nofp\libg.a(libc_a-findfp.o) (_malloc_r)
c:/progra~2/armgnu~1/12977f~1.2mp/bin/../lib/gcc/arm-none-eabi/12.2.1/thumb/v6-m/nofp\libg.a(libc_a-mlock.o)
                              c:/progra~2/armgnu~1/12977f~1.2mp/bin/../lib/gcc/arm-none-eabi/12.2.1/thumb/v6-m/nofp\libg.a(libc_a-freer.o) (__malloc_lock)
c:/progra~2/armgnu~1/12977f~1.2mp/bin/../lib/gcc/arm-none-eabi/12.2.1/thumb/v6-m/nofp\libg.a(libc_a-fclose.o)
                              c:/progra~2/armgnu~1/12977f~1.2mp/bin/../lib/gcc/arm-none-eabi/12.2.1/thumb/v6-m/nofp\libg.a(libc_a-findfp.o) (_fclose_r)
c:/progra~2/armgnu~1/12977f~1.2mp/bin/../lib/gcc/arm-none-eabi/12.2.1/thumb/v6-m/nofp\libg.a(libc_a-fflush.o)
                              c:/progra~2/armgnu~1/12977f~1.2mp/bin/../lib/gcc/arm-none-eabi/12.2.1/thumb/v6-m/nofp\libg.a(libc_a-fclose.o) (__sflush_r)
c:/progra~2/armgnu~1/12977f~1.2mp/bin/../lib/gcc/arm-none-eabi/12.2.1/thumb/v6-m/nofp\libg.a(libc_a-sbrkr.o)
                              c:/progra~2/armgnu~1/12977f~1.2mp/bin/../lib/gcc/arm-none-eabi/12.2.1/thumb/v6-m/nofp\libg.a(libc_a-freer.o) (_sbrk_r)
c:/progra~2/armgnu~1/12977f~1.2mp/bin/../lib/gcc/arm-none-eabi/12.2.1/thumb/v6-m/nofp\libg.a(libc_a-fini.o)
                              c:/progra~2/armgnu~1/12977f~1.2mp/bin/../lib/gcc/arm-none-eabi/12.2.1/thumb/v6-m/nofp\libg.a(libc_a-__call_atexit.o) (__libc_fini_array)
c:/progra~2/armgnu~1/12977f~1.2mp/bin/../lib/gcc/arm-none-eabi/12.2.1/thumb/v6-m/nofp\libg.a(libc_a-sysconf.o)
                              c:/progra~2/armgnu~1/12977f~1.2mp/bin/../lib/gcc/arm-none-eabi/12.2.1/thumb/v6-m/nofp\libg.a(libc_a-freer.o) (sysconf)
c:/progra~2/armgnu~1/12977f~1.2mp/bin/../lib/gcc/arm-none-eabi/12.2.1/thumb/v6-m/nofp\libg.a(libc_a-__atexit.o)
                              c:/progra~2/armgnu~1/12977f~1.2mp/bin/../lib/gcc/arm-none-eabi/12.2.1/thumb/v6-m/nofp\libg.a(libc_a-atexit.o) (__register_exitproc)
c:/progra~2/armgnu~1/12977f~1.2mp/bin/../lib/gcc/arm-none-eabi/12.2.1/thumb/v6-m/nofp\libg.a(libc_a-errno.o)
                              c:/progra~2/armgnu~1/12977f~1.2mp/bin/../lib/gcc/arm-none-eabi/12.2.1/thumb/v6-m/nofp\libg.a(libc_a-sysconf.o) (__errno)
c:/progra~2/armgnu~1/12977f~1.2mp/bin/../lib/gcc/arm-none-eabi/12.2.1/thumb/v6-m/nofp\libgcc.a(_udivsi3.o)
                              c:/progra~2/armgnu~1/12977f~1.2mp/bin/../lib/gcc/arm-none-eabi/12.2.1/thumb/v6-m/nofp\libg.a(libc_a-freer.o) (__aeabi_uidiv)
c:/progra~2/armgnu~1/12977f~1.2mp/bin/../lib/gcc/arm-none-eabi/12.2.1/thumb/v6-m/nofp\libgcc.a(_dvmd_tls.o)
                              c:/progra~2/armgnu~1/12977f~1.2mp/bin/../lib/gcc/arm-none-eabi/12.2.1/thumb/v6-m/nofp\libgcc.a(_udivsi3.o) (__aeabi_idiv0)

Discarded input sections

 .text          0x00000000        0x0 c:/progra~2/armgnu~1/12977f~1.2mp/bin/../lib/gcc/arm-none-eabi/12.2.1/thumb/v6-m/nofp/crti.o
 .data          0x00000000        0x0 c:/progra~2/armgnu~1/12977f~1.2mp/bin/../lib/gcc/arm-none-eabi/12.2.1/thumb/v6-m/nofp/crti.o
 .bss           0x00000000        0x0 c:/progra~2/armgnu~1/12977f~1.2mp/bin/../lib/gcc/arm-none-eabi/12.2.1/thumb/v6-m/nofp/crti.o
 .text          0x00000000        0x0 c:/progra~2/armgnu~1/12977f~1.2mp/bin/../lib/gcc/arm-none-eabi/12.2.1/thumb/v6-m/nofp/crtbegin.o
 .data          0x00000000        0x0 c:/progra~2/armgnu~1/12977f~1.2mp/bin/../lib/gcc/arm-none-eabi/12.2.1/thumb/v6-m/nofp/crtbegin.o
 .bss           0x00000000        0x0 c:/progra~2/armgnu~1/12977f~1.2mp/bin/../lib/gcc/arm-none-eabi/12.2.1/thumb/v6-m/nofp/crtbegin.o
 .rodata.all_implied_fbits
                0x00000000       0x24 c:/progra~2/armgnu~1/12977f~1.2mp/bin/../lib/gcc/arm-none-eabi/12.2.1/thumb/v6-m/nofp/crtbegin.o
 .data.__dso_handle
                0x00000000        0x4 c:/progra~2/armgnu~1/12977f~1.2mp/bin/../lib/gcc/arm-none-eabi/12.2.1/thumb/v6-m/nofp/crtbegin.o
 .text          0x00000000       0x80 c:/progra~2/armgnu~1/12977f~1.2mp/bin/../lib/gcc/arm-none-eabi/12.2.1/thumb/v6-m/nofp/crt0.o
 .data          0x00000000        0x0 c:/progra~2/armgnu~1/12977f~1.2mp/bin/../lib/gcc/arm-none-eabi/12.2.1/thumb/v6-m/nofp/crt0.o
 .bss           0x00000000        0x0 c:/progra~2/armgnu~1/12977f~1.2mp/bin/../lib/gcc/arm-none-eabi/12.2.1/thumb/v6-m/nofp/crt0.o
 .ARM.extab     0x00000000        0x0 c:/progra~2/armgnu~1/12977f~1.2mp/bin/../lib/gcc/arm-none-eabi/12.2.1/thumb/v6-m/nofp/crt0.o
 .ARM.exidx     0x00000000       0x10 c:/progra~2/armgnu~1/12977f~1.2mp/bin/../lib/gcc/arm-none-eabi/12.2.1/thumb/v6-m/nofp/crt0.o
 .debug_line_str
                0x00000000       0xe2 c:/progra~2/armgnu~1/12977f~1.2mp/bin/../lib/gcc/arm-none-eabi/12.2.1/thumb/v6-m/nofp/crt0.o
 .ARM.attributes
                0x00000000       0x1b c:/progra~2/armgnu~1/12977f~1.2mp/bin/../lib/gcc/arm-none-eabi/12.2.1/thumb/v6-m/nofp/crt0.o
 .text          0x00000000        0x0 CMakeFiles/RK2.elf.dir/src/COMMAND_RESOLVE/command.c.obj
 .data          0x00000000        0x0 CMakeFiles/RK2.elf.dir/src/COMMAND_RESOLVE/command.c.obj
 .bss           0x00000000        0x0 CMakeFiles/RK2.elf.dir/src/COMMAND_RESOLVE/command.c.obj
 .text          0x00000000        0x0 CMakeFiles/RK2.elf.dir/src/DMA_ADC/ADC/adc.c.obj
 .data          0x00000000        0x0 CMakeFiles/RK2.elf.dir/src/DMA_ADC/ADC/adc.c.obj
 .bss           0x00000000        0x0 CMakeFiles/RK2.elf.dir/src/DMA_ADC/ADC/adc.c.obj
 .text          0x00000000        0x0 CMakeFiles/RK2.elf.dir/src/DMA_ADC/DMA_FOR_ADC/dma_for_adc.c.obj
 .data          0x00000000        0x0 CMakeFiles/RK2.elf.dir/src/DMA_ADC/DMA_FOR_ADC/dma_for_adc.c.obj
 .bss           0x00000000        0x0 CMakeFiles/RK2.elf.dir/src/DMA_ADC/DMA_FOR_ADC/dma_for_adc.c.obj
 .text          0x00000000        0x0 CMakeFiles/RK2.elf.dir/src/DMA_ADC/setup_DMA_ADC.c.obj
 .data          0x00000000        0x0 CMakeFiles/RK2.elf.dir/src/DMA_ADC/setup_DMA_ADC.c.obj
 .bss           0x00000000        0x0 CMakeFiles/RK2.elf.dir/src/DMA_ADC/setup_DMA_ADC.c.obj
 .text          0x00000000        0x0 CMakeFiles/RK2.elf.dir/src/DMA_USART1/DMA_FOR_USART1/dma_for_usart1.c.obj
 .data          0x00000000        0x0 CMakeFiles/RK2.elf.dir/src/DMA_USART1/DMA_FOR_USART1/dma_for_usart1.c.obj
 .bss           0x00000000        0x0 CMakeFiles/RK2.elf.dir/src/DMA_USART1/DMA_FOR_USART1/dma_for_usart1.c.obj
 .text          0x00000000        0x0 CMakeFiles/RK2.elf.dir/src/DMA_USART1/USART1/usart1.c.obj
 .data          0x00000000        0x0 CMakeFiles/RK2.elf.dir/src/DMA_USART1/USART1/usart1.c.obj
 .bss           0x00000000        0x0 CMakeFiles/RK2.elf.dir/src/DMA_USART1/USART1/usart1.c.obj
 .text          0x00000000        0x0 CMakeFiles/RK2.elf.dir/src/DMA_USART1/setup_DMA_USART1.c.obj
 .data          0x00000000        0x0 CMakeFiles/RK2.elf.dir/src/DMA_USART1/setup_DMA_USART1.c.obj
 .bss           0x00000000        0x0 CMakeFiles/RK2.elf.dir/src/DMA_USART1/setup_DMA_USART1.c.obj
 .text          0x00000000       0x14 CMakeFiles/RK2.elf.dir/src/Startup/startup_stm32f051r8tx.s.obj
 .data          0x00000000        0x0 CMakeFiles/RK2.elf.dir/src/Startup/startup_stm32f051r8tx.s.obj
 .bss           0x00000000        0x0 CMakeFiles/RK2.elf.dir/src/Startup/startup_stm32f051r8tx.s.obj
 .text          0x00000000        0x0 CMakeFiles/RK2.elf.dir/src/main.c.obj
 .data          0x00000000        0x0 CMakeFiles/RK2.elf.dir/src/main.c.obj
 .bss           0x00000000        0x0 CMakeFiles/RK2.elf.dir/src/main.c.obj
 .text          0x00000000        0x0 c:/progra~2/armgnu~1/12977f~1.2mp/bin/../lib/gcc/arm-none-eabi/12.2.1/thumb/v6-m/nofp\libg.a(libc_a-exit.o)
 .data          0x00000000        0x0 c:/progra~2/armgnu~1/12977f~1.2mp/bin/../lib/gcc/arm-none-eabi/12.2.1/thumb/v6-m/nofp\libg.a(libc_a-exit.o)
 .bss           0x00000000        0x0 c:/progra~2/armgnu~1/12977f~1.2mp/bin/../lib/gcc/arm-none-eabi/12.2.1/thumb/v6-m/nofp\libg.a(libc_a-exit.o)
 .text.exit     0x00000000       0x20 c:/progra~2/armgnu~1/12977f~1.2mp/bin/../lib/gcc/arm-none-eabi/12.2.1/thumb/v6-m/nofp\libg.a(libc_a-exit.o)
 .debug_frame   0x00000000       0x28 c:/progra~2/armgnu~1/12977f~1.2mp/bin/../lib/gcc/arm-none-eabi/12.2.1/thumb/v6-m/nofp\libg.a(libc_a-exit.o)
 .ARM.attributes
                0x00000000       0x2c c:/progra~2/armgnu~1/12977f~1.2mp/bin/../lib/gcc/arm-none-eabi/12.2.1/thumb/v6-m/nofp\libg.a(libc_a-exit.o)
 .text          0x00000000        0x0 c:/progra~2/armgnu~1/12977f~1.2mp/bin/../lib/gcc/arm-none-eabi/12.2.1/thumb/v6-m/nofp\libg.a(libc_a-findfp.o)
 .data          0x00000000        0x0 c:/progra~2/armgnu~1/12977f~1.2mp/bin/../lib/gcc/arm-none-eabi/12.2.1/thumb/v6-m/nofp\libg.a(libc_a-findfp.o)
 .bss           0x00000000        0x0 c:/progra~2/armgnu~1/12977f~1.2mp/bin/../lib/gcc/arm-none-eabi/12.2.1/thumb/v6-m/nofp\libg.a(libc_a-findfp.o)
 .text.stdio_exit_handler
                0x00000000       0x1c c:/progra~2/armgnu~1/12977f~1.2mp/bin/../lib/gcc/arm-none-eabi/12.2.1/thumb/v6-m/nofp\libg.a(libc_a-findfp.o)
 .text.cleanup_stdio
                0x00000000       0x3c c:/progra~2/armgnu~1/12977f~1.2mp/bin/../lib/gcc/arm-none-eabi/12.2.1/thumb/v6-m/nofp\libg.a(libc_a-findfp.o)
 .text.__fp_lock
                0x00000000       0x1c c:/progra~2/armgnu~1/12977f~1.2mp/bin/../lib/gcc/arm-none-eabi/12.2.1/thumb/v6-m/nofp\libg.a(libc_a-findfp.o)
 .text.__fp_unlock
                0x00000000       0x1c c:/progra~2/armgnu~1/12977f~1.2mp/bin/../lib/gcc/arm-none-eabi/12.2.1/thumb/v6-m/nofp\libg.a(libc_a-findfp.o)
 .text.global_stdio_init.part.0
                0x00000000      0x118 c:/progra~2/armgnu~1/12977f~1.2mp/bin/../lib/gcc/arm-none-eabi/12.2.1/thumb/v6-m/nofp\libg.a(libc_a-findfp.o)
 .text.__sfp    0x00000000       0xc8 c:/progra~2/armgnu~1/12977f~1.2mp/bin/../lib/gcc/arm-none-eabi/12.2.1/thumb/v6-m/nofp\libg.a(libc_a-findfp.o)
 .text.__sinit  0x00000000       0x38 c:/progra~2/armgnu~1/12977f~1.2mp/bin/../lib/gcc/arm-none-eabi/12.2.1/thumb/v6-m/nofp\libg.a(libc_a-findfp.o)
 .text.__sfp_lock_acquire
                0x00000000       0x10 c:/progra~2/armgnu~1/12977f~1.2mp/bin/../lib/gcc/arm-none-eabi/12.2.1/thumb/v6-m/nofp\libg.a(libc_a-findfp.o)
 .text.__sfp_lock_release
                0x00000000       0x10 c:/progra~2/armgnu~1/12977f~1.2mp/bin/../lib/gcc/arm-none-eabi/12.2.1/thumb/v6-m/nofp\libg.a(libc_a-findfp.o)
 .text.__fp_lock_all
                0x00000000       0x20 c:/progra~2/armgnu~1/12977f~1.2mp/bin/../lib/gcc/arm-none-eabi/12.2.1/thumb/v6-m/nofp\libg.a(libc_a-findfp.o)
 .text.__fp_unlock_all
                0x00000000       0x20 c:/progra~2/armgnu~1/12977f~1.2mp/bin/../lib/gcc/arm-none-eabi/12.2.1/thumb/v6-m/nofp\libg.a(libc_a-findfp.o)
 .data.__sglue  0x00000000        0xc c:/progra~2/armgnu~1/12977f~1.2mp/bin/../lib/gcc/arm-none-eabi/12.2.1/thumb/v6-m/nofp\libg.a(libc_a-findfp.o)
 .bss.__sf      0x00000000      0x138 c:/progra~2/armgnu~1/12977f~1.2mp/bin/../lib/gcc/arm-none-eabi/12.2.1/thumb/v6-m/nofp\libg.a(libc_a-findfp.o)
 .bss.__stdio_exit_handler
                0x00000000        0x4 c:/progra~2/armgnu~1/12977f~1.2mp/bin/../lib/gcc/arm-none-eabi/12.2.1/thumb/v6-m/nofp\libg.a(libc_a-findfp.o)
 .debug_frame   0x00000000      0x138 c:/progra~2/armgnu~1/12977f~1.2mp/bin/../lib/gcc/arm-none-eabi/12.2.1/thumb/v6-m/nofp\libg.a(libc_a-findfp.o)
 .ARM.attributes
                0x00000000       0x2c c:/progra~2/armgnu~1/12977f~1.2mp/bin/../lib/gcc/arm-none-eabi/12.2.1/thumb/v6-m/nofp\libg.a(libc_a-findfp.o)
 .text          0x00000000        0x0 c:/progra~2/armgnu~1/12977f~1.2mp/bin/../lib/gcc/arm-none-eabi/12.2.1/thumb/v6-m/nofp\libg.a(libc_a-fwalk.o)
 .data          0x00000000        0x0 c:/progra~2/armgnu~1/12977f~1.2mp/bin/../lib/gcc/arm-none-eabi/12.2.1/thumb/v6-m/nofp\libg.a(libc_a-fwalk.o)
 .bss           0x00000000        0x0 c:/progra~2/armgnu~1/12977f~1.2mp/bin/../lib/gcc/arm-none-eabi/12.2.1/thumb/v6-m/nofp\libg.a(libc_a-fwalk.o)
 .text._fwalk_sglue
                0x00000000       0x44 c:/progra~2/armgnu~1/12977f~1.2mp/bin/../lib/gcc/arm-none-eabi/12.2.1/thumb/v6-m/nofp\libg.a(libc_a-fwalk.o)
 .debug_frame   0x00000000       0x38 c:/progra~2/armgnu~1/12977f~1.2mp/bin/../lib/gcc/arm-none-eabi/12.2.1/thumb/v6-m/nofp\libg.a(libc_a-fwalk.o)
 .ARM.attributes
                0x00000000       0x2c c:/progra~2/armgnu~1/12977f~1.2mp/bin/../lib/gcc/arm-none-eabi/12.2.1/thumb/v6-m/nofp\libg.a(libc_a-fwalk.o)
 .text          0x00000000        0x0 c:/progra~2/armgnu~1/12977f~1.2mp/bin/../lib/gcc/arm-none-eabi/12.2.1/thumb/v6-m/nofp\libg.a(libc_a-stdio.o)
 .data          0x00000000        0x0 c:/progra~2/armgnu~1/12977f~1.2mp/bin/../lib/gcc/arm-none-eabi/12.2.1/thumb/v6-m/nofp\libg.a(libc_a-stdio.o)
 .bss           0x00000000        0x0 c:/progra~2/armgnu~1/12977f~1.2mp/bin/../lib/gcc/arm-none-eabi/12.2.1/thumb/v6-m/nofp\libg.a(libc_a-stdio.o)
 .text.__sread  0x00000000       0x28 c:/progra~2/armgnu~1/12977f~1.2mp/bin/../lib/gcc/arm-none-eabi/12.2.1/thumb/v6-m/nofp\libg.a(libc_a-stdio.o)
 .text.__seofread
                0x00000000        0x4 c:/progra~2/armgnu~1/12977f~1.2mp/bin/../lib/gcc/arm-none-eabi/12.2.1/thumb/v6-m/nofp\libg.a(libc_a-stdio.o)
 .text.__swrite
                0x00000000       0x40 c:/progra~2/armgnu~1/12977f~1.2mp/bin/../lib/gcc/arm-none-eabi/12.2.1/thumb/v6-m/nofp\libg.a(libc_a-stdio.o)
 .text.__sseek  0x00000000       0x30 c:/progra~2/armgnu~1/12977f~1.2mp/bin/../lib/gcc/arm-none-eabi/12.2.1/thumb/v6-m/nofp\libg.a(libc_a-stdio.o)
 .text.__sclose
                0x00000000        0xc c:/progra~2/armgnu~1/12977f~1.2mp/bin/../lib/gcc/arm-none-eabi/12.2.1/thumb/v6-m/nofp\libg.a(libc_a-stdio.o)
 .debug_frame   0x00000000       0x90 c:/progra~2/armgnu~1/12977f~1.2mp/bin/../lib/gcc/arm-none-eabi/12.2.1/thumb/v6-m/nofp\libg.a(libc_a-stdio.o)
 .ARM.attributes
                0x00000000       0x2c c:/progra~2/armgnu~1/12977f~1.2mp/bin/../lib/gcc/arm-none-eabi/12.2.1/thumb/v6-m/nofp\libg.a(libc_a-stdio.o)
 .text          0x00000000        0x0 c:/progra~2/armgnu~1/12977f~1.2mp/bin/../lib/gcc/arm-none-eabi/12.2.1/thumb/v6-m/nofp\libg.a(libc_a-memset.o)
 .data          0x00000000        0x0 c:/progra~2/armgnu~1/12977f~1.2mp/bin/../lib/gcc/arm-none-eabi/12.2.1/thumb/v6-m/nofp\libg.a(libc_a-memset.o)
 .bss           0x00000000        0x0 c:/progra~2/armgnu~1/12977f~1.2mp/bin/../lib/gcc/arm-none-eabi/12.2.1/thumb/v6-m/nofp\libg.a(libc_a-memset.o)
 .text.memset   0x00000000       0xa8 c:/progra~2/armgnu~1/12977f~1.2mp/bin/../lib/gcc/arm-none-eabi/12.2.1/thumb/v6-m/nofp\libg.a(libc_a-memset.o)
 .debug_frame   0x00000000       0x30 c:/progra~2/armgnu~1/12977f~1.2mp/bin/../lib/gcc/arm-none-eabi/12.2.1/thumb/v6-m/nofp\libg.a(libc_a-memset.o)
 .ARM.attributes
                0x00000000       0x2c c:/progra~2/armgnu~1/12977f~1.2mp/bin/../lib/gcc/arm-none-eabi/12.2.1/thumb/v6-m/nofp\libg.a(libc_a-memset.o)
 .text          0x00000000        0x0 c:/progra~2/armgnu~1/12977f~1.2mp/bin/../lib/gcc/arm-none-eabi/12.2.1/thumb/v6-m/nofp\libg.a(libc_a-closer.o)
 .data          0x00000000        0x0 c:/progra~2/armgnu~1/12977f~1.2mp/bin/../lib/gcc/arm-none-eabi/12.2.1/thumb/v6-m/nofp\libg.a(libc_a-closer.o)
 .bss           0x00000000        0x0 c:/progra~2/armgnu~1/12977f~1.2mp/bin/../lib/gcc/arm-none-eabi/12.2.1/thumb/v6-m/nofp\libg.a(libc_a-closer.o)
 .text._close_r
                0x00000000       0x24 c:/progra~2/armgnu~1/12977f~1.2mp/bin/../lib/gcc/arm-none-eabi/12.2.1/thumb/v6-m/nofp\libg.a(libc_a-closer.o)
 .debug_frame   0x00000000       0x2c c:/progra~2/armgnu~1/12977f~1.2mp/bin/../lib/gcc/arm-none-eabi/12.2.1/thumb/v6-m/nofp\libg.a(libc_a-closer.o)
 .ARM.attributes
                0x00000000       0x2c c:/progra~2/armgnu~1/12977f~1.2mp/bin/../lib/gcc/arm-none-eabi/12.2.1/thumb/v6-m/nofp\libg.a(libc_a-closer.o)
 .text          0x00000000        0x0 c:/progra~2/armgnu~1/12977f~1.2mp/bin/../lib/gcc/arm-none-eabi/12.2.1/thumb/v6-m/nofp\libg.a(libc_a-reent.o)
 .data          0x00000000        0x0 c:/progra~2/armgnu~1/12977f~1.2mp/bin/../lib/gcc/arm-none-eabi/12.2.1/thumb/v6-m/nofp\libg.a(libc_a-reent.o)
 .bss           0x00000000        0x0 c:/progra~2/armgnu~1/12977f~1.2mp/bin/../lib/gcc/arm-none-eabi/12.2.1/thumb/v6-m/nofp\libg.a(libc_a-reent.o)
 .text._reclaim_reent
                0x00000000       0x60 c:/progra~2/armgnu~1/12977f~1.2mp/bin/../lib/gcc/arm-none-eabi/12.2.1/thumb/v6-m/nofp\libg.a(libc_a-reent.o)
 .bss.errno     0x00000000        0x4 c:/progra~2/armgnu~1/12977f~1.2mp/bin/../lib/gcc/arm-none-eabi/12.2.1/thumb/v6-m/nofp\libg.a(libc_a-reent.o)
 .debug_frame   0x00000000       0x2c c:/progra~2/armgnu~1/12977f~1.2mp/bin/../lib/gcc/arm-none-eabi/12.2.1/thumb/v6-m/nofp\libg.a(libc_a-reent.o)
 .ARM.attributes
                0x00000000       0x2c c:/progra~2/armgnu~1/12977f~1.2mp/bin/../lib/gcc/arm-none-eabi/12.2.1/thumb/v6-m/nofp\libg.a(libc_a-reent.o)
 .text          0x00000000        0x0 c:/progra~2/armgnu~1/12977f~1.2mp/bin/../lib/gcc/arm-none-eabi/12.2.1/thumb/v6-m/nofp\libg.a(libc_a-impure.o)
 .data          0x00000000        0x0 c:/progra~2/armgnu~1/12977f~1.2mp/bin/../lib/gcc/arm-none-eabi/12.2.1/thumb/v6-m/nofp\libg.a(libc_a-impure.o)
 .bss           0x00000000        0x0 c:/progra~2/armgnu~1/12977f~1.2mp/bin/../lib/gcc/arm-none-eabi/12.2.1/thumb/v6-m/nofp\libg.a(libc_a-impure.o)
 .data._impure_ptr
                0x00000000        0x4 c:/progra~2/armgnu~1/12977f~1.2mp/bin/../lib/gcc/arm-none-eabi/12.2.1/thumb/v6-m/nofp\libg.a(libc_a-impure.o)
 .data._impure_data
                0x00000000      0x120 c:/progra~2/armgnu~1/12977f~1.2mp/bin/../lib/gcc/arm-none-eabi/12.2.1/thumb/v6-m/nofp\libg.a(libc_a-impure.o)
 .ARM.attributes
                0x00000000       0x2c c:/progra~2/armgnu~1/12977f~1.2mp/bin/../lib/gcc/arm-none-eabi/12.2.1/thumb/v6-m/nofp\libg.a(libc_a-impure.o)
 .text          0x00000000        0x0 c:/progra~2/armgnu~1/12977f~1.2mp/bin/../lib/gcc/arm-none-eabi/12.2.1/thumb/v6-m/nofp\libg.a(libc_a-lseekr.o)
 .data          0x00000000        0x0 c:/progra~2/armgnu~1/12977f~1.2mp/bin/../lib/gcc/arm-none-eabi/12.2.1/thumb/v6-m/nofp\libg.a(libc_a-lseekr.o)
 .bss           0x00000000        0x0 c:/progra~2/armgnu~1/12977f~1.2mp/bin/../lib/gcc/arm-none-eabi/12.2.1/thumb/v6-m/nofp\libg.a(libc_a-lseekr.o)
 .text._lseek_r
                0x00000000       0x28 c:/progra~2/armgnu~1/12977f~1.2mp/bin/../lib/gcc/arm-none-eabi/12.2.1/thumb/v6-m/nofp\libg.a(libc_a-lseekr.o)
 .debug_frame   0x00000000       0x2c c:/progra~2/armgnu~1/12977f~1.2mp/bin/../lib/gcc/arm-none-eabi/12.2.1/thumb/v6-m/nofp\libg.a(libc_a-lseekr.o)
 .ARM.attributes
                0x00000000       0x2c c:/progra~2/armgnu~1/12977f~1.2mp/bin/../lib/gcc/arm-none-eabi/12.2.1/thumb/v6-m/nofp\libg.a(libc_a-lseekr.o)
 .text          0x00000000        0x0 c:/progra~2/armgnu~1/12977f~1.2mp/bin/../lib/gcc/arm-none-eabi/12.2.1/thumb/v6-m/nofp\libg.a(libc_a-readr.o)
 .data          0x00000000        0x0 c:/progra~2/armgnu~1/12977f~1.2mp/bin/../lib/gcc/arm-none-eabi/12.2.1/thumb/v6-m/nofp\libg.a(libc_a-readr.o)
 .bss           0x00000000        0x0 c:/progra~2/armgnu~1/12977f~1.2mp/bin/../lib/gcc/arm-none-eabi/12.2.1/thumb/v6-m/nofp\libg.a(libc_a-readr.o)
 .text._read_r  0x00000000       0x28 c:/progra~2/armgnu~1/12977f~1.2mp/bin/../lib/gcc/arm-none-eabi/12.2.1/thumb/v6-m/nofp\libg.a(libc_a-readr.o)
 .debug_frame   0x00000000       0x2c c:/progra~2/armgnu~1/12977f~1.2mp/bin/../lib/gcc/arm-none-eabi/12.2.1/thumb/v6-m/nofp\libg.a(libc_a-readr.o)
 .ARM.attributes
                0x00000000       0x2c c:/progra~2/armgnu~1/12977f~1.2mp/bin/../lib/gcc/arm-none-eabi/12.2.1/thumb/v6-m/nofp\libg.a(libc_a-readr.o)
 .text          0x00000000        0x0 c:/progra~2/armgnu~1/12977f~1.2mp/bin/../lib/gcc/arm-none-eabi/12.2.1/thumb/v6-m/nofp\libg.a(libc_a-writer.o)
 .data          0x00000000        0x0 c:/progra~2/armgnu~1/12977f~1.2mp/bin/../lib/gcc/arm-none-eabi/12.2.1/thumb/v6-m/nofp\libg.a(libc_a-writer.o)
 .bss           0x00000000        0x0 c:/progra~2/armgnu~1/12977f~1.2mp/bin/../lib/gcc/arm-none-eabi/12.2.1/thumb/v6-m/nofp\libg.a(libc_a-writer.o)
 .text._write_r
                0x00000000       0x28 c:/progra~2/armgnu~1/12977f~1.2mp/bin/../lib/gcc/arm-none-eabi/12.2.1/thumb/v6-m/nofp\libg.a(libc_a-writer.o)
 .debug_frame   0x00000000       0x2c c:/progra~2/armgnu~1/12977f~1.2mp/bin/../lib/gcc/arm-none-eabi/12.2.1/thumb/v6-m/nofp\libg.a(libc_a-writer.o)
 .ARM.attributes
                0x00000000       0x2c c:/progra~2/armgnu~1/12977f~1.2mp/bin/../lib/gcc/arm-none-eabi/12.2.1/thumb/v6-m/nofp\libg.a(libc_a-writer.o)
 .text          0x00000000        0x0 c:/progra~2/armgnu~1/12977f~1.2mp/bin/../lib/gcc/arm-none-eabi/12.2.1/thumb/v6-m/nofp\libg.a(libc_a-init.o)
 .data          0x00000000        0x0 c:/progra~2/armgnu~1/12977f~1.2mp/bin/../lib/gcc/arm-none-eabi/12.2.1/thumb/v6-m/nofp\libg.a(libc_a-init.o)
 .bss           0x00000000        0x0 c:/progra~2/armgnu~1/12977f~1.2mp/bin/../lib/gcc/arm-none-eabi/12.2.1/thumb/v6-m/nofp\libg.a(libc_a-init.o)
 .text          0x00000000        0x0 c:/progra~2/armgnu~1/12977f~1.2mp/bin/../lib/gcc/arm-none-eabi/12.2.1/thumb/v6-m/nofp\libg.a(libc_a-lock.o)
 .data          0x00000000        0x0 c:/progra~2/armgnu~1/12977f~1.2mp/bin/../lib/gcc/arm-none-eabi/12.2.1/thumb/v6-m/nofp\libg.a(libc_a-lock.o)
 .bss           0x00000000        0x0 c:/progra~2/armgnu~1/12977f~1.2mp/bin/../lib/gcc/arm-none-eabi/12.2.1/thumb/v6-m/nofp\libg.a(libc_a-lock.o)
 .text.__retarget_lock_init
                0x00000000        0x4 c:/progra~2/armgnu~1/12977f~1.2mp/bin/../lib/gcc/arm-none-eabi/12.2.1/thumb/v6-m/nofp\libg.a(libc_a-lock.o)
 .text.__retarget_lock_init_recursive
                0x00000000        0x4 c:/progra~2/armgnu~1/12977f~1.2mp/bin/../lib/gcc/arm-none-eabi/12.2.1/thumb/v6-m/nofp\libg.a(libc_a-lock.o)
 .text.__retarget_lock_close
                0x00000000        0x4 c:/progra~2/armgnu~1/12977f~1.2mp/bin/../lib/gcc/arm-none-eabi/12.2.1/thumb/v6-m/nofp\libg.a(libc_a-lock.o)
 .text.__retarget_lock_close_recursive
                0x00000000        0x4 c:/progra~2/armgnu~1/12977f~1.2mp/bin/../lib/gcc/arm-none-eabi/12.2.1/thumb/v6-m/nofp\libg.a(libc_a-lock.o)
 .text.__retarget_lock_acquire
                0x00000000        0x4 c:/progra~2/armgnu~1/12977f~1.2mp/bin/../lib/gcc/arm-none-eabi/12.2.1/thumb/v6-m/nofp\libg.a(libc_a-lock.o)
 .text.__retarget_lock_try_acquire
                0x00000000        0x4 c:/progra~2/armgnu~1/12977f~1.2mp/bin/../lib/gcc/arm-none-eabi/12.2.1/thumb/v6-m/nofp\libg.a(libc_a-lock.o)
 .text.__retarget_lock_try_acquire_recursive
                0x00000000        0x4 c:/progra~2/armgnu~1/12977f~1.2mp/bin/../lib/gcc/arm-none-eabi/12.2.1/thumb/v6-m/nofp\libg.a(libc_a-lock.o)
 .text.__retarget_lock_release
                0x00000000        0x4 c:/progra~2/armgnu~1/12977f~1.2mp/bin/../lib/gcc/arm-none-eabi/12.2.1/thumb/v6-m/nofp\libg.a(libc_a-lock.o)
 .bss.__lock___arc4random_mutex
                0x00000000        0x1 c:/progra~2/armgnu~1/12977f~1.2mp/bin/../lib/gcc/arm-none-eabi/12.2.1/thumb/v6-m/nofp\libg.a(libc_a-lock.o)
 .bss.__lock___dd_hash_mutex
                0x00000000        0x1 c:/progra~2/armgnu~1/12977f~1.2mp/bin/../lib/gcc/arm-none-eabi/12.2.1/thumb/v6-m/nofp\libg.a(libc_a-lock.o)
 .bss.__lock___tz_mutex
                0x00000000        0x1 c:/progra~2/armgnu~1/12977f~1.2mp/bin/../lib/gcc/arm-none-eabi/12.2.1/thumb/v6-m/nofp\libg.a(libc_a-lock.o)
 .bss.__lock___env_recursive_mutex
                0x00000000        0x1 c:/progra~2/armgnu~1/12977f~1.2mp/bin/../lib/gcc/arm-none-eabi/12.2.1/thumb/v6-m/nofp\libg.a(libc_a-lock.o)
 .bss.__lock___malloc_recursive_mutex
                0x00000000        0x1 c:/progra~2/armgnu~1/12977f~1.2mp/bin/../lib/gcc/arm-none-eabi/12.2.1/thumb/v6-m/nofp\libg.a(libc_a-lock.o)
 .bss.__lock___at_quick_exit_mutex
                0x00000000        0x1 c:/progra~2/armgnu~1/12977f~1.2mp/bin/../lib/gcc/arm-none-eabi/12.2.1/thumb/v6-m/nofp\libg.a(libc_a-lock.o)
 .bss.__lock___sfp_recursive_mutex
                0x00000000        0x1 c:/progra~2/armgnu~1/12977f~1.2mp/bin/../lib/gcc/arm-none-eabi/12.2.1/thumb/v6-m/nofp\libg.a(libc_a-lock.o)
 .text          0x00000000        0x0 c:/progra~2/armgnu~1/12977f~1.2mp/bin/../lib/gcc/arm-none-eabi/12.2.1/thumb/v6-m/nofp\libg.a(libc_a-__call_atexit.o)
 .data          0x00000000        0x0 c:/progra~2/armgnu~1/12977f~1.2mp/bin/../lib/gcc/arm-none-eabi/12.2.1/thumb/v6-m/nofp\libg.a(libc_a-__call_atexit.o)
 .bss           0x00000000        0x0 c:/progra~2/armgnu~1/12977f~1.2mp/bin/../lib/gcc/arm-none-eabi/12.2.1/thumb/v6-m/nofp\libg.a(libc_a-__call_atexit.o)
 .text.__call_exitprocs
                0x00000000       0xe8 c:/progra~2/armgnu~1/12977f~1.2mp/bin/../lib/gcc/arm-none-eabi/12.2.1/thumb/v6-m/nofp\libg.a(libc_a-__call_atexit.o)
 .text          0x00000000        0x0 c:/progra~2/armgnu~1/12977f~1.2mp/bin/../lib/gcc/arm-none-eabi/12.2.1/thumb/v6-m/nofp\libg.a(libc_a-atexit.o)
 .data          0x00000000        0x0 c:/progra~2/armgnu~1/12977f~1.2mp/bin/../lib/gcc/arm-none-eabi/12.2.1/thumb/v6-m/nofp\libg.a(libc_a-atexit.o)
 .bss           0x00000000        0x0 c:/progra~2/armgnu~1/12977f~1.2mp/bin/../lib/gcc/arm-none-eabi/12.2.1/thumb/v6-m/nofp\libg.a(libc_a-atexit.o)
 .text          0x00000000        0x0 c:/progra~2/armgnu~1/12977f~1.2mp/bin/../lib/gcc/arm-none-eabi/12.2.1/thumb/v6-m/nofp\libg.a(libc_a-freer.o)
 .data          0x00000000        0x0 c:/progra~2/armgnu~1/12977f~1.2mp/bin/../lib/gcc/arm-none-eabi/12.2.1/thumb/v6-m/nofp\libg.a(libc_a-freer.o)
 .bss           0x00000000        0x0 c:/progra~2/armgnu~1/12977f~1.2mp/bin/../lib/gcc/arm-none-eabi/12.2.1/thumb/v6-m/nofp\libg.a(libc_a-freer.o)
 .text._malloc_trim_r
                0x00000000       0xb4 c:/progra~2/armgnu~1/12977f~1.2mp/bin/../lib/gcc/arm-none-eabi/12.2.1/thumb/v6-m/nofp\libg.a(libc_a-freer.o)
 .text._free_r  0x00000000      0x1d4 c:/progra~2/armgnu~1/12977f~1.2mp/bin/../lib/gcc/arm-none-eabi/12.2.1/thumb/v6-m/nofp\libg.a(libc_a-freer.o)
 .debug_frame   0x00000000       0x5c c:/progra~2/armgnu~1/12977f~1.2mp/bin/../lib/gcc/arm-none-eabi/12.2.1/thumb/v6-m/nofp\libg.a(libc_a-freer.o)
 .ARM.attributes
                0x00000000       0x2c c:/progra~2/armgnu~1/12977f~1.2mp/bin/../lib/gcc/arm-none-eabi/12.2.1/thumb/v6-m/nofp\libg.a(libc_a-freer.o)
 .text          0x00000000        0x0 c:/progra~2/armgnu~1/12977f~1.2mp/bin/../lib/gcc/arm-none-eabi/12.2.1/thumb/v6-m/nofp\libg.a(libc_a-mallocr.o)
 .data          0x00000000        0x0 c:/progra~2/armgnu~1/12977f~1.2mp/bin/../lib/gcc/arm-none-eabi/12.2.1/thumb/v6-m/nofp\libg.a(libc_a-mallocr.o)
 .bss           0x00000000        0x0 c:/progra~2/armgnu~1/12977f~1.2mp/bin/../lib/gcc/arm-none-eabi/12.2.1/thumb/v6-m/nofp\libg.a(libc_a-mallocr.o)
 .text._malloc_r
                0x00000000      0x5c4 c:/progra~2/armgnu~1/12977f~1.2mp/bin/../lib/gcc/arm-none-eabi/12.2.1/thumb/v6-m/nofp\libg.a(libc_a-mallocr.o)
 .bss.__malloc_current_mallinfo
                0x00000000       0x28 c:/progra~2/armgnu~1/12977f~1.2mp/bin/../lib/gcc/arm-none-eabi/12.2.1/thumb/v6-m/nofp\libg.a(libc_a-mallocr.o)
 .bss.__malloc_max_total_mem
                0x00000000        0x4 c:/progra~2/armgnu~1/12977f~1.2mp/bin/../lib/gcc/arm-none-eabi/12.2.1/thumb/v6-m/nofp\libg.a(libc_a-mallocr.o)
 .bss.__malloc_max_sbrked_mem
                0x00000000        0x4 c:/progra~2/armgnu~1/12977f~1.2mp/bin/../lib/gcc/arm-none-eabi/12.2.1/thumb/v6-m/nofp\libg.a(libc_a-mallocr.o)
 .data.__malloc_sbrk_base
                0x00000000        0x4 c:/progra~2/armgnu~1/12977f~1.2mp/bin/../lib/gcc/arm-none-eabi/12.2.1/thumb/v6-m/nofp\libg.a(libc_a-mallocr.o)
 .bss.__malloc_top_pad
                0x00000000        0x4 c:/progra~2/armgnu~1/12977f~1.2mp/bin/../lib/gcc/arm-none-eabi/12.2.1/thumb/v6-m/nofp\libg.a(libc_a-mallocr.o)
 .data.__malloc_trim_threshold
                0x00000000        0x4 c:/progra~2/armgnu~1/12977f~1.2mp/bin/../lib/gcc/arm-none-eabi/12.2.1/thumb/v6-m/nofp\libg.a(libc_a-mallocr.o)
 .data.__malloc_av_
                0x00000000      0x408 c:/progra~2/armgnu~1/12977f~1.2mp/bin/../lib/gcc/arm-none-eabi/12.2.1/thumb/v6-m/nofp\libg.a(libc_a-mallocr.o)
 .debug_frame   0x00000000       0x3c c:/progra~2/armgnu~1/12977f~1.2mp/bin/../lib/gcc/arm-none-eabi/12.2.1/thumb/v6-m/nofp\libg.a(libc_a-mallocr.o)
 .ARM.attributes
                0x00000000       0x2c c:/progra~2/armgnu~1/12977f~1.2mp/bin/../lib/gcc/arm-none-eabi/12.2.1/thumb/v6-m/nofp\libg.a(libc_a-mallocr.o)
 .text          0x00000000        0x0 c:/progra~2/armgnu~1/12977f~1.2mp/bin/../lib/gcc/arm-none-eabi/12.2.1/thumb/v6-m/nofp\libg.a(libc_a-mlock.o)
 .data          0x00000000        0x0 c:/progra~2/armgnu~1/12977f~1.2mp/bin/../lib/gcc/arm-none-eabi/12.2.1/thumb/v6-m/nofp\libg.a(libc_a-mlock.o)
 .bss           0x00000000        0x0 c:/progra~2/armgnu~1/12977f~1.2mp/bin/../lib/gcc/arm-none-eabi/12.2.1/thumb/v6-m/nofp\libg.a(libc_a-mlock.o)
 .text.__malloc_lock
                0x00000000       0x10 c:/progra~2/armgnu~1/12977f~1.2mp/bin/../lib/gcc/arm-none-eabi/12.2.1/thumb/v6-m/nofp\libg.a(libc_a-mlock.o)
 .text.__malloc_unlock
                0x00000000       0x10 c:/progra~2/armgnu~1/12977f~1.2mp/bin/../lib/gcc/arm-none-eabi/12.2.1/thumb/v6-m/nofp\libg.a(libc_a-mlock.o)
 .debug_frame   0x00000000       0x40 c:/progra~2/armgnu~1/12977f~1.2mp/bin/../lib/gcc/arm-none-eabi/12.2.1/thumb/v6-m/nofp\libg.a(libc_a-mlock.o)
 .ARM.attributes
                0x00000000       0x2c c:/progra~2/armgnu~1/12977f~1.2mp/bin/../lib/gcc/arm-none-eabi/12.2.1/thumb/v6-m/nofp\libg.a(libc_a-mlock.o)
 .text          0x00000000        0x0 c:/progra~2/armgnu~1/12977f~1.2mp/bin/../lib/gcc/arm-none-eabi/12.2.1/thumb/v6-m/nofp\libg.a(libc_a-fclose.o)
 .data          0x00000000        0x0 c:/progra~2/armgnu~1/12977f~1.2mp/bin/../lib/gcc/arm-none-eabi/12.2.1/thumb/v6-m/nofp\libg.a(libc_a-fclose.o)
 .bss           0x00000000        0x0 c:/progra~2/armgnu~1/12977f~1.2mp/bin/../lib/gcc/arm-none-eabi/12.2.1/thumb/v6-m/nofp\libg.a(libc_a-fclose.o)
 .text._fclose_r
                0x00000000       0xd0 c:/progra~2/armgnu~1/12977f~1.2mp/bin/../lib/gcc/arm-none-eabi/12.2.1/thumb/v6-m/nofp\libg.a(libc_a-fclose.o)
 .text.fclose   0x00000000       0x14 c:/progra~2/armgnu~1/12977f~1.2mp/bin/../lib/gcc/arm-none-eabi/12.2.1/thumb/v6-m/nofp\libg.a(libc_a-fclose.o)
 .debug_frame   0x00000000       0x44 c:/progra~2/armgnu~1/12977f~1.2mp/bin/../lib/gcc/arm-none-eabi/12.2.1/thumb/v6-m/nofp\libg.a(libc_a-fclose.o)
 .ARM.attributes
                0x00000000       0x2c c:/progra~2/armgnu~1/12977f~1.2mp/bin/../lib/gcc/arm-none-eabi/12.2.1/thumb/v6-m/nofp\libg.a(libc_a-fclose.o)
 .text          0x00000000        0x0 c:/progra~2/armgnu~1/12977f~1.2mp/bin/../lib/gcc/arm-none-eabi/12.2.1/thumb/v6-m/nofp\libg.a(libc_a-fflush.o)
 .data          0x00000000        0x0 c:/progra~2/armgnu~1/12977f~1.2mp/bin/../lib/gcc/arm-none-eabi/12.2.1/thumb/v6-m/nofp\libg.a(libc_a-fflush.o)
 .bss           0x00000000        0x0 c:/progra~2/armgnu~1/12977f~1.2mp/bin/../lib/gcc/arm-none-eabi/12.2.1/thumb/v6-m/nofp\libg.a(libc_a-fflush.o)
 .text.__sflush_r
                0x00000000      0x148 c:/progra~2/armgnu~1/12977f~1.2mp/bin/../lib/gcc/arm-none-eabi/12.2.1/thumb/v6-m/nofp\libg.a(libc_a-fflush.o)
 .text._fflush_r
                0x00000000       0x68 c:/progra~2/armgnu~1/12977f~1.2mp/bin/../lib/gcc/arm-none-eabi/12.2.1/thumb/v6-m/nofp\libg.a(libc_a-fflush.o)
 .text.fflush   0x00000000       0x7c c:/progra~2/armgnu~1/12977f~1.2mp/bin/../lib/gcc/arm-none-eabi/12.2.1/thumb/v6-m/nofp\libg.a(libc_a-fflush.o)
 .debug_frame   0x00000000       0x6c c:/progra~2/armgnu~1/12977f~1.2mp/bin/../lib/gcc/arm-none-eabi/12.2.1/thumb/v6-m/nofp\libg.a(libc_a-fflush.o)
 .ARM.attributes
                0x00000000       0x2c c:/progra~2/armgnu~1/12977f~1.2mp/bin/../lib/gcc/arm-none-eabi/12.2.1/thumb/v6-m/nofp\libg.a(libc_a-fflush.o)
 .text          0x00000000        0x0 c:/progra~2/armgnu~1/12977f~1.2mp/bin/../lib/gcc/arm-none-eabi/12.2.1/thumb/v6-m/nofp\libg.a(libc_a-sbrkr.o)
 .data          0x00000000        0x0 c:/progra~2/armgnu~1/12977f~1.2mp/bin/../lib/gcc/arm-none-eabi/12.2.1/thumb/v6-m/nofp\libg.a(libc_a-sbrkr.o)
 .bss           0x00000000        0x0 c:/progra~2/armgnu~1/12977f~1.2mp/bin/../lib/gcc/arm-none-eabi/12.2.1/thumb/v6-m/nofp\libg.a(libc_a-sbrkr.o)
 .text._sbrk_r  0x00000000       0x24 c:/progra~2/armgnu~1/12977f~1.2mp/bin/../lib/gcc/arm-none-eabi/12.2.1/thumb/v6-m/nofp\libg.a(libc_a-sbrkr.o)
 .debug_frame   0x00000000       0x2c c:/progra~2/armgnu~1/12977f~1.2mp/bin/../lib/gcc/arm-none-eabi/12.2.1/thumb/v6-m/nofp\libg.a(libc_a-sbrkr.o)
 .ARM.attributes
                0x00000000       0x2c c:/progra~2/armgnu~1/12977f~1.2mp/bin/../lib/gcc/arm-none-eabi/12.2.1/thumb/v6-m/nofp\libg.a(libc_a-sbrkr.o)
 .text          0x00000000        0x0 c:/progra~2/armgnu~1/12977f~1.2mp/bin/../lib/gcc/arm-none-eabi/12.2.1/thumb/v6-m/nofp\libg.a(libc_a-fini.o)
 .data          0x00000000        0x0 c:/progra~2/armgnu~1/12977f~1.2mp/bin/../lib/gcc/arm-none-eabi/12.2.1/thumb/v6-m/nofp\libg.a(libc_a-fini.o)
 .bss           0x00000000        0x0 c:/progra~2/armgnu~1/12977f~1.2mp/bin/../lib/gcc/arm-none-eabi/12.2.1/thumb/v6-m/nofp\libg.a(libc_a-fini.o)
 .text          0x00000000        0x0 c:/progra~2/armgnu~1/12977f~1.2mp/bin/../lib/gcc/arm-none-eabi/12.2.1/thumb/v6-m/nofp\libg.a(libc_a-sysconf.o)
 .data          0x00000000        0x0 c:/progra~2/armgnu~1/12977f~1.2mp/bin/../lib/gcc/arm-none-eabi/12.2.1/thumb/v6-m/nofp\libg.a(libc_a-sysconf.o)
 .bss           0x00000000        0x0 c:/progra~2/armgnu~1/12977f~1.2mp/bin/../lib/gcc/arm-none-eabi/12.2.1/thumb/v6-m/nofp\libg.a(libc_a-sysconf.o)
 .text.sysconf  0x00000000       0x1c c:/progra~2/armgnu~1/12977f~1.2mp/bin/../lib/gcc/arm-none-eabi/12.2.1/thumb/v6-m/nofp\libg.a(libc_a-sysconf.o)
 .debug_frame   0x00000000       0x28 c:/progra~2/armgnu~1/12977f~1.2mp/bin/../lib/gcc/arm-none-eabi/12.2.1/thumb/v6-m/nofp\libg.a(libc_a-sysconf.o)
 .ARM.attributes
                0x00000000       0x2c c:/progra~2/armgnu~1/12977f~1.2mp/bin/../lib/gcc/arm-none-eabi/12.2.1/thumb/v6-m/nofp\libg.a(libc_a-sysconf.o)
 .text          0x00000000        0x0 c:/progra~2/armgnu~1/12977f~1.2mp/bin/../lib/gcc/arm-none-eabi/12.2.1/thumb/v6-m/nofp\libg.a(libc_a-__atexit.o)
 .data          0x00000000        0x0 c:/progra~2/armgnu~1/12977f~1.2mp/bin/../lib/gcc/arm-none-eabi/12.2.1/thumb/v6-m/nofp\libg.a(libc_a-__atexit.o)
 .bss           0x00000000        0x0 c:/progra~2/armgnu~1/12977f~1.2mp/bin/../lib/gcc/arm-none-eabi/12.2.1/thumb/v6-m/nofp\libg.a(libc_a-__atexit.o)
 .text          0x00000000        0x0 c:/progra~2/armgnu~1/12977f~1.2mp/bin/../lib/gcc/arm-none-eabi/12.2.1/thumb/v6-m/nofp\libg.a(libc_a-errno.o)
 .data          0x00000000        0x0 c:/progra~2/armgnu~1/12977f~1.2mp/bin/../lib/gcc/arm-none-eabi/12.2.1/thumb/v6-m/nofp\libg.a(libc_a-errno.o)
 .bss           0x00000000        0x0 c:/progra~2/armgnu~1/12977f~1.2mp/bin/../lib/gcc/arm-none-eabi/12.2.1/thumb/v6-m/nofp\libg.a(libc_a-errno.o)
 .text.__errno  0x00000000        0xc c:/progra~2/armgnu~1/12977f~1.2mp/bin/../lib/gcc/arm-none-eabi/12.2.1/thumb/v6-m/nofp\libg.a(libc_a-errno.o)
 .debug_frame   0x00000000       0x20 c:/progra~2/armgnu~1/12977f~1.2mp/bin/../lib/gcc/arm-none-eabi/12.2.1/thumb/v6-m/nofp\libg.a(libc_a-errno.o)
 .ARM.attributes
                0x00000000       0x2c c:/progra~2/armgnu~1/12977f~1.2mp/bin/../lib/gcc/arm-none-eabi/12.2.1/thumb/v6-m/nofp\libg.a(libc_a-errno.o)
 .text          0x00000000      0x114 c:/progra~2/armgnu~1/12977f~1.2mp/bin/../lib/gcc/arm-none-eabi/12.2.1/thumb/v6-m/nofp\libgcc.a(_udivsi3.o)
 .data          0x00000000        0x0 c:/progra~2/armgnu~1/12977f~1.2mp/bin/../lib/gcc/arm-none-eabi/12.2.1/thumb/v6-m/nofp\libgcc.a(_udivsi3.o)
 .bss           0x00000000        0x0 c:/progra~2/armgnu~1/12977f~1.2mp/bin/../lib/gcc/arm-none-eabi/12.2.1/thumb/v6-m/nofp\libgcc.a(_udivsi3.o)
 .debug_frame   0x00000000       0x20 c:/progra~2/armgnu~1/12977f~1.2mp/bin/../lib/gcc/arm-none-eabi/12.2.1/thumb/v6-m/nofp\libgcc.a(_udivsi3.o)
 .debug_line_str
                0x00000000       0xd9 c:/progra~2/armgnu~1/12977f~1.2mp/bin/../lib/gcc/arm-none-eabi/12.2.1/thumb/v6-m/nofp\libgcc.a(_udivsi3.o)
 .ARM.attributes
                0x00000000       0x1e c:/progra~2/armgnu~1/12977f~1.2mp/bin/../lib/gcc/arm-none-eabi/12.2.1/thumb/v6-m/nofp\libgcc.a(_udivsi3.o)
 .text          0x00000000        0x4 c:/progra~2/armgnu~1/12977f~1.2mp/bin/../lib/gcc/arm-none-eabi/12.2.1/thumb/v6-m/nofp\libgcc.a(_dvmd_tls.o)
 .data          0x00000000        0x0 c:/progra~2/armgnu~1/12977f~1.2mp/bin/../lib/gcc/arm-none-eabi/12.2.1/thumb/v6-m/nofp\libgcc.a(_dvmd_tls.o)
 .bss           0x00000000        0x0 c:/progra~2/armgnu~1/12977f~1.2mp/bin/../lib/gcc/arm-none-eabi/12.2.1/thumb/v6-m/nofp\libgcc.a(_dvmd_tls.o)
 .debug_line_str
                0x00000000       0xd9 c:/progra~2/armgnu~1/12977f~1.2mp/bin/../lib/gcc/arm-none-eabi/12.2.1/thumb/v6-m/nofp\libgcc.a(_dvmd_tls.o)
 .ARM.attributes
                0x00000000       0x1e c:/progra~2/armgnu~1/12977f~1.2mp/bin/../lib/gcc/arm-none-eabi/12.2.1/thumb/v6-m/nofp\libgcc.a(_dvmd_tls.o)
 .text          0x00000000        0x0 c:/progra~2/armgnu~1/12977f~1.2mp/bin/../lib/gcc/arm-none-eabi/12.2.1/thumb/v6-m/nofp/crtend.o
 .data          0x00000000        0x0 c:/progra~2/armgnu~1/12977f~1.2mp/bin/../lib/gcc/arm-none-eabi/12.2.1/thumb/v6-m/nofp/crtend.o
 .bss           0x00000000        0x0 c:/progra~2/armgnu~1/12977f~1.2mp/bin/../lib/gcc/arm-none-eabi/12.2.1/thumb/v6-m/nofp/crtend.o
 .rodata.all_implied_fbits
                0x00000000       0x24 c:/progra~2/armgnu~1/12977f~1.2mp/bin/../lib/gcc/arm-none-eabi/12.2.1/thumb/v6-m/nofp/crtend.o
 .eh_frame      0x00000000        0x4 c:/progra~2/armgnu~1/12977f~1.2mp/bin/../lib/gcc/arm-none-eabi/12.2.1/thumb/v6-m/nofp/crtend.o
 .text          0x00000000        0x0 c:/progra~2/armgnu~1/12977f~1.2mp/bin/../lib/gcc/arm-none-eabi/12.2.1/thumb/v6-m/nofp/crtn.o
 .data          0x00000000        0x0 c:/progra~2/armgnu~1/12977f~1.2mp/bin/../lib/gcc/arm-none-eabi/12.2.1/thumb/v6-m/nofp/crtn.o
 .bss           0x00000000        0x0 c:/progra~2/armgnu~1/12977f~1.2mp/bin/../lib/gcc/arm-none-eabi/12.2.1/thumb/v6-m/nofp/crtn.o

Memory Configuration

Name             Origin             Length             Attributes
RAM              0x20000000         0x00002000         xrw
FLASH            0x08000000         0x00010000         xr
*default*        0x00000000         0xffffffff

Linker script and memory map

LOAD c:/progra~2/armgnu~1/12977f~1.2mp/bin/../lib/gcc/arm-none-eabi/12.2.1/thumb/v6-m/nofp/crti.o
LOAD c:/progra~2/armgnu~1/12977f~1.2mp/bin/../lib/gcc/arm-none-eabi/12.2.1/thumb/v6-m/nofp/crtbegin.o
LOAD c:/progra~2/armgnu~1/12977f~1.2mp/bin/../lib/gcc/arm-none-eabi/12.2.1/thumb/v6-m/nofp/crt0.o
LOAD CMakeFiles/RK2.elf.dir/src/COMMAND_RESOLVE/command.c.obj
LOAD CMakeFiles/RK2.elf.dir/src/DMA_ADC/ADC/adc.c.obj
LOAD CMakeFiles/RK2.elf.dir/src/DMA_ADC/DMA_FOR_ADC/dma_for_adc.c.obj
LOAD CMakeFiles/RK2.elf.dir/src/DMA_ADC/setup_DMA_ADC.c.obj
LOAD CMakeFiles/RK2.elf.dir/src/DMA_USART1/DMA_FOR_USART1/dma_for_usart1.c.obj
LOAD CMakeFiles/RK2.elf.dir/src/DMA_USART1/USART1/usart1.c.obj
LOAD CMakeFiles/RK2.elf.dir/src/DMA_USART1/setup_DMA_USART1.c.obj
LOAD CMakeFiles/RK2.elf.dir/src/Startup/startup_stm32f051r8tx.s.obj
LOAD CMakeFiles/RK2.elf.dir/src/main.c.obj
START GROUP
LOAD c:/progra~2/armgnu~1/12977f~1.2mp/bin/../lib/gcc/arm-none-eabi/12.2.1/thumb/v6-m/nofp\libgcc.a
LOAD c:/progra~2/armgnu~1/12977f~1.2mp/bin/../lib/gcc/arm-none-eabi/12.2.1/thumb/v6-m/nofp\libg.a
LOAD c:/progra~2/armgnu~1/12977f~1.2mp/bin/../lib/gcc/arm-none-eabi/12.2.1/thumb/v6-m/nofp\libc.a
END GROUP
LOAD c:/progra~2/armgnu~1/12977f~1.2mp/bin/../lib/gcc/arm-none-eabi/12.2.1/thumb/v6-m/nofp/crtend.o
LOAD c:/progra~2/armgnu~1/12977f~1.2mp/bin/../lib/gcc/arm-none-eabi/12.2.1/thumb/v6-m/nofp/crtn.o
                0x20002000                        _estack = (ORIGIN (RAM) + LENGTH (RAM))
                0x00000200                        _Min_Heap_Size = 0x200
                0x00000400                        _Min_Stack_Size = 0x400

.isr_vector     0x08000000       0xc0
                0x08000000                        . = ALIGN (0x4)
 *(.isr_vector)
 .isr_vector    0x08000000       0xc0 CMakeFiles/RK2.elf.dir/src/Startup/startup_stm32f051r8tx.s.obj
                0x08000000                g_pfnVectors
                0x080000c0                        . = ALIGN (0x4)

.text           0x080000c0      0x7e8
                0x080000c0                        . = ALIGN (0x4)
 *(.text)
 *(.text*)
 .text.deregister_tm_clones
                0x080000c0       0x20 c:/progra~2/armgnu~1/12977f~1.2mp/bin/../lib/gcc/arm-none-eabi/12.2.1/thumb/v6-m/nofp/crtbegin.o
 .text.register_tm_clones
                0x080000e0       0x28 c:/progra~2/armgnu~1/12977f~1.2mp/bin/../lib/gcc/arm-none-eabi/12.2.1/thumb/v6-m/nofp/crtbegin.o
 .text.__do_global_dtors_aux
                0x08000108       0x2c c:/progra~2/armgnu~1/12977f~1.2mp/bin/../lib/gcc/arm-none-eabi/12.2.1/thumb/v6-m/nofp/crtbegin.o
 .text.frame_dummy
                0x08000134       0x24 c:/progra~2/armgnu~1/12977f~1.2mp/bin/../lib/gcc/arm-none-eabi/12.2.1/thumb/v6-m/nofp/crtbegin.o
 .text.get_adc_frequency
                0x08000158       0x2e CMakeFiles/RK2.elf.dir/src/COMMAND_RESOLVE/command.c.obj
 *fill*         0x08000186        0x2 
 .text.PARSE_COMMAND
                0x08000188       0x2c CMakeFiles/RK2.elf.dir/src/COMMAND_RESOLVE/command.c.obj
                0x08000188                PARSE_COMMAND
 .text.RESOLVE_COMMAND
                0x080001b4       0x8c CMakeFiles/RK2.elf.dir/src/COMMAND_RESOLVE/command.c.obj
                0x080001b4                RESOLVE_COMMAND
 .text.EXECUTE_COMMAND
                0x08000240       0xe8 CMakeFiles/RK2.elf.dir/src/COMMAND_RESOLVE/command.c.obj
                0x08000240                EXECUTE_COMMAND
 .text.SETUP_GPIO_FOR_ADC
                0x08000328       0x1c CMakeFiles/RK2.elf.dir/src/DMA_ADC/ADC/adc.c.obj
 .text.SETUP_DMA_FOR_ADC
                0x08000344       0x18 CMakeFiles/RK2.elf.dir/src/DMA_ADC/ADC/adc.c.obj
 .text.SETUP_TIM15_FOR_ADC
                0x0800035c       0x34 CMakeFiles/RK2.elf.dir/src/DMA_ADC/ADC/adc.c.obj
 .text.CONFIGURE_TIM15_AS_TRGO
                0x08000390       0x34 CMakeFiles/RK2.elf.dir/src/DMA_ADC/ADC/adc.c.obj
 .text.START_ADC
                0x080003c4       0x24 CMakeFiles/RK2.elf.dir/src/DMA_ADC/ADC/adc.c.obj
 .text.SETUP_ADC
                0x080003e8       0x54 CMakeFiles/RK2.elf.dir/src/DMA_ADC/ADC/adc.c.obj
                0x080003e8                SETUP_ADC
 .text.DMA1_Channel1_IRQHandler
                0x0800043c       0x1c CMakeFiles/RK2.elf.dir/src/DMA_ADC/DMA_FOR_ADC/dma_for_adc.c.obj
                0x0800043c                DMA1_Channel1_IRQHandler
 .text.SETUP_DMA_FOR_ADC
                0x08000458       0x68 CMakeFiles/RK2.elf.dir/src/DMA_ADC/DMA_FOR_ADC/dma_for_adc.c.obj
                0x08000458                SETUP_DMA_FOR_ADC
 .text.SETUP_DMA_ADC
                0x080004c0       0x10 CMakeFiles/RK2.elf.dir/src/DMA_ADC/setup_DMA_ADC.c.obj
                0x080004c0                SETUP_DMA_ADC
 .text.setup_DMA_TX
                0x080004d0       0x2c CMakeFiles/RK2.elf.dir/src/DMA_USART1/DMA_FOR_USART1/dma_for_usart1.c.obj
 .text.setup_DMA_RX
                0x080004fc       0x30 CMakeFiles/RK2.elf.dir/src/DMA_USART1/DMA_FOR_USART1/dma_for_usart1.c.obj
 .text.setup_DMA_EN
                0x0800052c       0x24 CMakeFiles/RK2.elf.dir/src/DMA_USART1/DMA_FOR_USART1/dma_for_usart1.c.obj
 .text.DMA1_Channel2_3_IRQHandler
                0x08000550       0x58 CMakeFiles/RK2.elf.dir/src/DMA_USART1/DMA_FOR_USART1/dma_for_usart1.c.obj
                0x08000550                DMA1_Channel2_3_IRQHandler
 .text.SETUP_DMA_FOR_USART1
                0x080005a8       0x24 CMakeFiles/RK2.elf.dir/src/DMA_USART1/DMA_FOR_USART1/dma_for_usart1.c.obj
                0x080005a8                SETUP_DMA_FOR_USART1
 .text.setup_USART1_GPIO
                0x080005cc       0x1a CMakeFiles/RK2.elf.dir/src/DMA_USART1/USART1/usart1.c.obj
 *fill*         0x080005e6        0x2 
 .text.setup_USART1_GENERAL
                0x080005e8       0x28 CMakeFiles/RK2.elf.dir/src/DMA_USART1/USART1/usart1.c.obj
 .text.SETUP_USART1
                0x08000610       0x1c CMakeFiles/RK2.elf.dir/src/DMA_USART1/USART1/usart1.c.obj
                0x08000610                SETUP_USART1
 .text.SETUP_DMA_USART1
                0x0800062c       0x14 CMakeFiles/RK2.elf.dir/src/DMA_USART1/setup_DMA_USART1.c.obj
                0x0800062c                SETUP_DMA_USART1
 .text.Reset_Handler
                0x08000640       0x4c CMakeFiles/RK2.elf.dir/src/Startup/startup_stm32f051r8tx.s.obj
                0x08000640                Reset_Handler
 .text.Default_Handler
                0x0800068c        0x2 CMakeFiles/RK2.elf.dir/src/Startup/startup_stm32f051r8tx.s.obj
                0x0800068c                TIM1_CC_IRQHandler
                0x0800068c                TSC_IRQHandler
                0x0800068c                HardFault_Handler
                0x0800068c                ADC1_COMP_IRQHandler
                0x0800068c                SysTick_Handler
                0x0800068c                PVD_IRQHandler
                0x0800068c                PendSV_Handler
                0x0800068c                NMI_Handler
                0x0800068c                I2C1_IRQHandler
                0x0800068c                RCC_CRS_IRQHandler
                0x0800068c                SPI1_IRQHandler
                0x0800068c                TIM6_DAC_IRQHandler
                0x0800068c                EXTI2_3_IRQHandler
                0x0800068c                I2C2_IRQHandler
                0x0800068c                TIM17_IRQHandler
                0x0800068c                CEC_CAN_IRQHandler
                0x0800068c                RTC_IRQHandler
                0x0800068c                TIM16_IRQHandler
                0x0800068c                TIM3_IRQHandler
                0x0800068c                EXTI4_15_IRQHandler
                0x0800068c                Default_Handler
                0x0800068c                TIM14_IRQHandler
                0x0800068c                DMA1_Channel4_5_IRQHandler
                0x0800068c                TIM15_IRQHandler
                0x0800068c                EXTI0_1_IRQHandler
                0x0800068c                SPI2_IRQHandler
                0x0800068c                SVC_Handler
                0x0800068c                WWDG_IRQHandler
                0x0800068c                TIM2_IRQHandler
                0x0800068c                USART2_IRQHandler
                0x0800068c                FLASH_IRQHandler
                0x0800068c                USART1_IRQHandler
                0x0800068c                TIM1_BRK_UP_TRG_COM_IRQHandler
 *fill*         0x0800068e        0x2 
 .text.SETUP_GPIO
                0x08000690       0x3c CMakeFiles/RK2.elf.dir/src/main.c.obj
                0x08000690                SETUP_GPIO
 .text.SETUP_PERIPHERALS
                0x080006cc       0x18 CMakeFiles/RK2.elf.dir/src/main.c.obj
                0x080006cc                SETUP_PERIPHERALS
 .text.main     0x080006e4       0x64 CMakeFiles/RK2.elf.dir/src/main.c.obj
                0x080006e4                main
 .text.__libc_init_array
                0x08000748       0x48 c:/progra~2/armgnu~1/12977f~1.2mp/bin/../lib/gcc/arm-none-eabi/12.2.1/thumb/v6-m/nofp\libg.a(libc_a-init.o)
                0x08000748                __libc_init_array
 .text.__retarget_lock_acquire_recursive
                0x08000790        0x4 c:/progra~2/armgnu~1/12977f~1.2mp/bin/../lib/gcc/arm-none-eabi/12.2.1/thumb/v6-m/nofp\libg.a(libc_a-lock.o)
                0x08000790                __retarget_lock_acquire_recursive
 .text.__retarget_lock_release_recursive
                0x08000794        0x4 c:/progra~2/armgnu~1/12977f~1.2mp/bin/../lib/gcc/arm-none-eabi/12.2.1/thumb/v6-m/nofp\libg.a(libc_a-lock.o)
                0x08000794                __retarget_lock_release_recursive
 .text.startup.register_fini
                0x08000798       0x18 c:/progra~2/armgnu~1/12977f~1.2mp/bin/../lib/gcc/arm-none-eabi/12.2.1/thumb/v6-m/nofp\libg.a(libc_a-__call_atexit.o)
 .text.atexit   0x080007b0       0x10 c:/progra~2/armgnu~1/12977f~1.2mp/bin/../lib/gcc/arm-none-eabi/12.2.1/thumb/v6-m/nofp\libg.a(libc_a-atexit.o)
                0x080007b0                atexit
 .text.__libc_fini_array
                0x080007c0       0x28 c:/progra~2/armgnu~1/12977f~1.2mp/bin/../lib/gcc/arm-none-eabi/12.2.1/thumb/v6-m/nofp\libg.a(libc_a-fini.o)
                0x080007c0                __libc_fini_array
 .text.__register_exitproc
                0x080007e8       0xa8 c:/progra~2/armgnu~1/12977f~1.2mp/bin/../lib/gcc/arm-none-eabi/12.2.1/thumb/v6-m/nofp\libg.a(libc_a-__atexit.o)
                0x080007e8                __register_exitproc
 *(.glue_7)
 .glue_7        0x08000890        0x0 linker stubs
 *(.glue_7t)
 .glue_7t       0x08000890        0x0 linker stubs
 *(.eh_frame)
 .eh_frame      0x08000890        0x0 c:/progra~2/armgnu~1/12977f~1.2mp/bin/../lib/gcc/arm-none-eabi/12.2.1/thumb/v6-m/nofp/crtbegin.o
 *(.init)
 .init          0x08000890        0x4 c:/progra~2/armgnu~1/12977f~1.2mp/bin/../lib/gcc/arm-none-eabi/12.2.1/thumb/v6-m/nofp/crti.o
                0x08000890                _init
 .init          0x08000894        0x8 c:/progra~2/armgnu~1/12977f~1.2mp/bin/../lib/gcc/arm-none-eabi/12.2.1/thumb/v6-m/nofp/crtn.o
 *(.fini)
 .fini          0x0800089c        0x4 c:/progra~2/armgnu~1/12977f~1.2mp/bin/../lib/gcc/arm-none-eabi/12.2.1/thumb/v6-m/nofp/crti.o
                0x0800089c                _fini
 .fini          0x080008a0        0x8 c:/progra~2/armgnu~1/12977f~1.2mp/bin/../lib/gcc/arm-none-eabi/12.2.1/thumb/v6-m/nofp/crtn.o
                0x080008a8                        . = ALIGN (0x4)
                0x080008a8                        _etext = .

.vfp11_veneer   0x080008a8        0x0
 .vfp11_veneer  0x080008a8        0x0 linker stubs

.v4_bx          0x080008a8        0x0
 .v4_bx         0x080008a8        0x0 linker stubs

.iplt           0x080008a8        0x0
 .iplt          0x080008a8        0x0 c:/progra~2/armgnu~1/12977f~1.2mp/bin/../lib/gcc/arm-none-eabi/12.2.1/thumb/v6-m/nofp/crtbegin.o

.rel.dyn        0x080008a8        0x0
 .rel.iplt      0x080008a8        0x0 c:/progra~2/armgnu~1/12977f~1.2mp/bin/../lib/gcc/arm-none-eabi/12.2.1/thumb/v6-m/nofp/crtbegin.o

.rodata         0x080008a8        0x0
                0x080008a8                        . = ALIGN (0x4)
 *(.rodata)
 *(.rodata*)
                0x080008a8                        . = ALIGN (0x4)

.ARM.extab      0x080008a8        0x0
                0x080008a8                        . = ALIGN (0x4)
 *(.ARM.extab* .gnu.linkonce.armextab.*)
                0x080008a8                        . = ALIGN (0x4)

.ARM            0x080008a8        0x0
                0x080008a8                        . = ALIGN (0x4)
                0x080008a8                        __exidx_start = .
 *(.ARM.exidx*)
                0x080008a8                        __exidx_end = .
                0x080008a8                        . = ALIGN (0x4)

.preinit_array  0x080008a8        0x0
                0x080008a8                        . = ALIGN (0x4)
                0x080008a8                        PROVIDE (__preinit_array_start = .)
 *(.preinit_array*)
                0x080008a8                        PROVIDE (__preinit_array_end = .)
                0x080008a8                        . = ALIGN (0x4)

.init_array     0x080008a8        0x8
                0x080008a8                        . = ALIGN (0x4)
                0x080008a8                        PROVIDE (__init_array_start = .)
 *(SORT_BY_NAME(.init_array.*))
 .init_array.00000
                0x080008a8        0x4 c:/progra~2/armgnu~1/12977f~1.2mp/bin/../lib/gcc/arm-none-eabi/12.2.1/thumb/v6-m/nofp\libg.a(libc_a-__call_atexit.o)
 *(.init_array*)
 .init_array    0x080008ac        0x4 c:/progra~2/armgnu~1/12977f~1.2mp/bin/../lib/gcc/arm-none-eabi/12.2.1/thumb/v6-m/nofp/crtbegin.o
                0x080008b0                        PROVIDE (__init_array_end = .)
                0x080008b0                        . = ALIGN (0x4)

.fini_array     0x080008b0        0x4
                0x080008b0                        . = ALIGN (0x4)
                0x080008b0                        PROVIDE (__fini_array_start = .)
 *(SORT_BY_NAME(.fini_array.*))
 *(.fini_array*)
 .fini_array    0x080008b0        0x4 c:/progra~2/armgnu~1/12977f~1.2mp/bin/../lib/gcc/arm-none-eabi/12.2.1/thumb/v6-m/nofp/crtbegin.o
                0x080008b4                        PROVIDE (__fini_array_end = .)
                0x080008b4                        . = ALIGN (0x4)
                0x080008b4                        _sidata = LOADADDR (.data)

.data           0x20000000        0x4 load address 0x080008b4
                0x20000000                        . = ALIGN (0x4)
                0x20000000                        _sdata = .
 *(.data)
 *(.data*)
 .data.__atexit_recursive_mutex
                0x20000000        0x4 c:/progra~2/armgnu~1/12977f~1.2mp/bin/../lib/gcc/arm-none-eabi/12.2.1/thumb/v6-m/nofp\libg.a(libc_a-__call_atexit.o)
                0x20000000                __atexit_recursive_mutex
 *(.RamFunc)
 *(.RamFunc*)
                0x20000004                        . = ALIGN (0x4)
                0x20000004                        _edata = .

.tm_clone_table
                0x20000004        0x0 load address 0x080008b8
 .tm_clone_table
                0x20000004        0x0 c:/progra~2/armgnu~1/12977f~1.2mp/bin/../lib/gcc/arm-none-eabi/12.2.1/thumb/v6-m/nofp/crtbegin.o
 .tm_clone_table
                0x20000004        0x0 c:/progra~2/armgnu~1/12977f~1.2mp/bin/../lib/gcc/arm-none-eabi/12.2.1/thumb/v6-m/nofp/crtend.o

.igot.plt       0x20000004        0x0 load address 0x080008b8
 .igot.plt      0x20000004        0x0 c:/progra~2/armgnu~1/12977f~1.2mp/bin/../lib/gcc/arm-none-eabi/12.2.1/thumb/v6-m/nofp/crtbegin.o
                0x20000004                        . = ALIGN (0x4)

.bss            0x20000004      0x1b8 load address 0x080008b8
                0x20000004                        _sbss = .
                0x20000004                        __bss_start__ = _sbss
 *(.bss)
 *(.bss*)
 .bss.completed.1
                0x20000004        0x1 c:/progra~2/armgnu~1/12977f~1.2mp/bin/../lib/gcc/arm-none-eabi/12.2.1/thumb/v6-m/nofp/crtbegin.o
 *fill*         0x20000005        0x3 
 .bss.object.0  0x20000008       0x18 c:/progra~2/armgnu~1/12977f~1.2mp/bin/../lib/gcc/arm-none-eabi/12.2.1/thumb/v6-m/nofp/crtbegin.o
 .bss.ADC_TRANSMISSION_ENDED
                0x20000020        0x1 CMakeFiles/RK2.elf.dir/src/DMA_ADC/DMA_FOR_ADC/dma_for_adc.c.obj
                0x20000020                ADC_TRANSMISSION_ENDED
 .bss.COMMAND_RECEIVED_VIA_USART
                0x20000021        0x1 CMakeFiles/RK2.elf.dir/src/DMA_USART1/DMA_FOR_USART1/dma_for_usart1.c.obj
                0x20000021                COMMAND_RECEIVED_VIA_USART
 *fill*         0x20000022        0x2 
 .bss.__lock___atexit_recursive_mutex
                0x20000024        0x1 c:/progra~2/armgnu~1/12977f~1.2mp/bin/../lib/gcc/arm-none-eabi/12.2.1/thumb/v6-m/nofp\libg.a(libc_a-lock.o)
                0x20000024                __lock___atexit_recursive_mutex
 *fill*         0x20000025        0x3 
 .bss.__atexit  0x20000028        0x4 c:/progra~2/armgnu~1/12977f~1.2mp/bin/../lib/gcc/arm-none-eabi/12.2.1/thumb/v6-m/nofp\libg.a(libc_a-__call_atexit.o)
                0x20000028                __atexit
 .bss.__atexit0
                0x2000002c      0x190 c:/progra~2/armgnu~1/12977f~1.2mp/bin/../lib/gcc/arm-none-eabi/12.2.1/thumb/v6-m/nofp\libg.a(libc_a-__atexit.o)
                0x2000002c                __atexit0
 *(COMMON)
                0x200001bc                        . = ALIGN (0x4)
                0x200001bc                        _ebss = .
                0x200001bc                        __bss_end__ = _ebss

._user_heap_stack
                0x200001bc      0x604 load address 0x080008b8
                0x200001c0                        . = ALIGN (0x8)
 *fill*         0x200001bc        0x4 
                [!provide]                        PROVIDE (end = .)
                [!provide]                        PROVIDE (_end = .)
                0x200003c0                        . = (. + _Min_Heap_Size)
 *fill*         0x200001c0      0x200 
                0x200007c0                        . = (. + _Min_Stack_Size)
 *fill*         0x200003c0      0x400 
                0x200007c0                        . = ALIGN (0x8)

/DISCARD/
 libc.a(*)
 libm.a(*)
 libgcc.a(*)

.ARM.attributes
                0x00000000       0x28
 *(.ARM.attributes)
 .ARM.attributes
                0x00000000       0x1e c:/progra~2/armgnu~1/12977f~1.2mp/bin/../lib/gcc/arm-none-eabi/12.2.1/thumb/v6-m/nofp/crti.o
 .ARM.attributes
                0x0000001e       0x2c c:/progra~2/armgnu~1/12977f~1.2mp/bin/../lib/gcc/arm-none-eabi/12.2.1/thumb/v6-m/nofp/crtbegin.o
 .ARM.attributes
                0x0000004a       0x2c CMakeFiles/RK2.elf.dir/src/COMMAND_RESOLVE/command.c.obj
 .ARM.attributes
                0x00000076       0x2c CMakeFiles/RK2.elf.dir/src/DMA_ADC/ADC/adc.c.obj
 .ARM.attributes
                0x000000a2       0x2c CMakeFiles/RK2.elf.dir/src/DMA_ADC/DMA_FOR_ADC/dma_for_adc.c.obj
 .ARM.attributes
                0x000000ce       0x2c CMakeFiles/RK2.elf.dir/src/DMA_ADC/setup_DMA_ADC.c.obj
 .ARM.attributes
                0x000000fa       0x2c CMakeFiles/RK2.elf.dir/src/DMA_USART1/DMA_FOR_USART1/dma_for_usart1.c.obj
 .ARM.attributes
                0x00000126       0x2c CMakeFiles/RK2.elf.dir/src/DMA_USART1/USART1/usart1.c.obj
 .ARM.attributes
                0x00000152       0x2c CMakeFiles/RK2.elf.dir/src/DMA_USART1/setup_DMA_USART1.c.obj
 .ARM.attributes
                0x0000017e       0x21 CMakeFiles/RK2.elf.dir/src/Startup/startup_stm32f051r8tx.s.obj
 .ARM.attributes
                0x0000019f       0x2c CMakeFiles/RK2.elf.dir/src/main.c.obj
 .ARM.attributes
                0x000001cb       0x2c c:/progra~2/armgnu~1/12977f~1.2mp/bin/../lib/gcc/arm-none-eabi/12.2.1/thumb/v6-m/nofp\libg.a(libc_a-init.o)
 .ARM.attributes
                0x000001f7       0x2c c:/progra~2/armgnu~1/12977f~1.2mp/bin/../lib/gcc/arm-none-eabi/12.2.1/thumb/v6-m/nofp\libg.a(libc_a-lock.o)
 .ARM.attributes
                0x00000223       0x2c c:/progra~2/armgnu~1/12977f~1.2mp/bin/../lib/gcc/arm-none-eabi/12.2.1/thumb/v6-m/nofp\libg.a(libc_a-__call_atexit.o)
 .ARM.attributes
                0x0000024f       0x2c c:/progra~2/armgnu~1/12977f~1.2mp/bin/../lib/gcc/arm-none-eabi/12.2.1/thumb/v6-m/nofp\libg.a(libc_a-atexit.o)
 .ARM.attributes
                0x0000027b       0x2c c:/progra~2/armgnu~1/12977f~1.2mp/bin/../lib/gcc/arm-none-eabi/12.2.1/thumb/v6-m/nofp\libg.a(libc_a-fini.o)
 .ARM.attributes
                0x000002a7       0x2c c:/progra~2/armgnu~1/12977f~1.2mp/bin/../lib/gcc/arm-none-eabi/12.2.1/thumb/v6-m/nofp\libg.a(libc_a-__atexit.o)
 .ARM.attributes
                0x000002d3       0x2c c:/progra~2/armgnu~1/12977f~1.2mp/bin/../lib/gcc/arm-none-eabi/12.2.1/thumb/v6-m/nofp/crtend.o
 .ARM.attributes
                0x000002ff       0x1e c:/progra~2/armgnu~1/12977f~1.2mp/bin/../lib/gcc/arm-none-eabi/12.2.1/thumb/v6-m/nofp/crtn.o
OUTPUT(RK2.elf elf32-littlearm)
LOAD linker stubs
LOAD c:/progra~2/armgnu~1/12977f~1.2mp/bin/../lib/gcc/arm-none-eabi/12.2.1/thumb/v6-m/nofp\libc.a
LOAD c:/progra~2/armgnu~1/12977f~1.2mp/bin/../lib/gcc/arm-none-eabi/12.2.1/thumb/v6-m/nofp\libm.a
LOAD c:/progra~2/armgnu~1/12977f~1.2mp/bin/../lib/gcc/arm-none-eabi/12.2.1/thumb/v6-m/nofp\libgcc.a

.debug_info     0x00000000     0x222c
 .debug_info    0x00000000      0x631 CMakeFiles/RK2.elf.dir/src/COMMAND_RESOLVE/command.c.obj
 .debug_info    0x00000631      0x43a CMakeFiles/RK2.elf.dir/src/DMA_ADC/ADC/adc.c.obj
 .debug_info    0x00000a6b      0x61d CMakeFiles/RK2.elf.dir/src/DMA_ADC/DMA_FOR_ADC/dma_for_adc.c.obj
 .debug_info    0x00001088       0xea CMakeFiles/RK2.elf.dir/src/DMA_ADC/setup_DMA_ADC.c.obj
 .debug_info    0x00001172      0x6f2 CMakeFiles/RK2.elf.dir/src/DMA_USART1/DMA_FOR_USART1/dma_for_usart1.c.obj
 .debug_info    0x00001864      0x310 CMakeFiles/RK2.elf.dir/src/DMA_USART1/USART1/usart1.c.obj
 .debug_info    0x00001b74      0x105 CMakeFiles/RK2.elf.dir/src/DMA_USART1/setup_DMA_USART1.c.obj
 .debug_info    0x00001c79       0x30 CMakeFiles/RK2.elf.dir/src/Startup/startup_stm32f051r8tx.s.obj
 .debug_info    0x00001ca9      0x583 CMakeFiles/RK2.elf.dir/src/main.c.obj

.debug_abbrev   0x00000000      0xb64
 .debug_abbrev  0x00000000      0x1c7 CMakeFiles/RK2.elf.dir/src/COMMAND_RESOLVE/command.c.obj
 .debug_abbrev  0x000001c7      0x123 CMakeFiles/RK2.elf.dir/src/DMA_ADC/ADC/adc.c.obj
 .debug_abbrev  0x000002ea      0x1fb CMakeFiles/RK2.elf.dir/src/DMA_ADC/DMA_FOR_ADC/dma_for_adc.c.obj
 .debug_abbrev  0x000004e5       0xc0 CMakeFiles/RK2.elf.dir/src/DMA_ADC/setup_DMA_ADC.c.obj
 .debug_abbrev  0x000005a5      0x25f CMakeFiles/RK2.elf.dir/src/DMA_USART1/DMA_FOR_USART1/dma_for_usart1.c.obj
 .debug_abbrev  0x00000804       0xd6 CMakeFiles/RK2.elf.dir/src/DMA_USART1/USART1/usart1.c.obj
 .debug_abbrev  0x000008da       0xc2 CMakeFiles/RK2.elf.dir/src/DMA_USART1/setup_DMA_USART1.c.obj
 .debug_abbrev  0x0000099c       0x24 CMakeFiles/RK2.elf.dir/src/Startup/startup_stm32f051r8tx.s.obj
 .debug_abbrev  0x000009c0      0x1a4 CMakeFiles/RK2.elf.dir/src/main.c.obj

.debug_loclists
                0x00000000      0x258
 .debug_loclists
                0x00000000      0x110 CMakeFiles/RK2.elf.dir/src/COMMAND_RESOLVE/command.c.obj
 .debug_loclists
                0x00000110       0x47 CMakeFiles/RK2.elf.dir/src/DMA_ADC/DMA_FOR_ADC/dma_for_adc.c.obj
 .debug_loclists
                0x00000157       0x2a CMakeFiles/RK2.elf.dir/src/DMA_ADC/setup_DMA_ADC.c.obj
 .debug_loclists
                0x00000181       0x65 CMakeFiles/RK2.elf.dir/src/DMA_USART1/DMA_FOR_USART1/dma_for_usart1.c.obj
 .debug_loclists
                0x000001e6       0x48 CMakeFiles/RK2.elf.dir/src/DMA_USART1/setup_DMA_USART1.c.obj
 .debug_loclists
                0x0000022e       0x2a CMakeFiles/RK2.elf.dir/src/main.c.obj

.debug_aranges  0x00000000      0x1b0
 .debug_aranges
                0x00000000       0x38 CMakeFiles/RK2.elf.dir/src/COMMAND_RESOLVE/command.c.obj
 .debug_aranges
                0x00000038       0x48 CMakeFiles/RK2.elf.dir/src/DMA_ADC/ADC/adc.c.obj
 .debug_aranges
                0x00000080       0x28 CMakeFiles/RK2.elf.dir/src/DMA_ADC/DMA_FOR_ADC/dma_for_adc.c.obj
 .debug_aranges
                0x000000a8       0x20 CMakeFiles/RK2.elf.dir/src/DMA_ADC/setup_DMA_ADC.c.obj
 .debug_aranges
                0x000000c8       0x40 CMakeFiles/RK2.elf.dir/src/DMA_USART1/DMA_FOR_USART1/dma_for_usart1.c.obj
 .debug_aranges
                0x00000108       0x30 CMakeFiles/RK2.elf.dir/src/DMA_USART1/USART1/usart1.c.obj
 .debug_aranges
                0x00000138       0x20 CMakeFiles/RK2.elf.dir/src/DMA_USART1/setup_DMA_USART1.c.obj
 .debug_aranges
                0x00000158       0x28 CMakeFiles/RK2.elf.dir/src/Startup/startup_stm32f051r8tx.s.obj
 .debug_aranges
                0x00000180       0x30 CMakeFiles/RK2.elf.dir/src/main.c.obj

.debug_rnglists
                0x00000000      0x131
 .debug_rnglists
                0x00000000       0x3f CMakeFiles/RK2.elf.dir/src/COMMAND_RESOLVE/command.c.obj
 .debug_rnglists
                0x0000003f       0x31 CMakeFiles/RK2.elf.dir/src/DMA_ADC/ADC/adc.c.obj
 .debug_rnglists
                0x00000070       0x19 CMakeFiles/RK2.elf.dir/src/DMA_ADC/DMA_FOR_ADC/dma_for_adc.c.obj
 .debug_rnglists
                0x00000089       0x13 CMakeFiles/RK2.elf.dir/src/DMA_ADC/setup_DMA_ADC.c.obj
 .debug_rnglists
                0x0000009c       0x2b CMakeFiles/RK2.elf.dir/src/DMA_USART1/DMA_FOR_USART1/dma_for_usart1.c.obj
 .debug_rnglists
                0x000000c7       0x1f CMakeFiles/RK2.elf.dir/src/DMA_USART1/USART1/usart1.c.obj
 .debug_rnglists
                0x000000e6       0x13 CMakeFiles/RK2.elf.dir/src/DMA_USART1/setup_DMA_USART1.c.obj
 .debug_rnglists
                0x000000f9       0x19 CMakeFiles/RK2.elf.dir/src/Startup/startup_stm32f051r8tx.s.obj
 .debug_rnglists
                0x00000112       0x1f CMakeFiles/RK2.elf.dir/src/main.c.obj

.debug_line     0x00000000     0x1754
 .debug_line    0x00000000      0x457 CMakeFiles/RK2.elf.dir/src/COMMAND_RESOLVE/command.c.obj
 .debug_line    0x00000457      0x2eb CMakeFiles/RK2.elf.dir/src/DMA_ADC/ADC/adc.c.obj
 .debug_line    0x00000742      0x2ac CMakeFiles/RK2.elf.dir/src/DMA_ADC/DMA_FOR_ADC/dma_for_adc.c.obj
 .debug_line    0x000009ee      0x208 CMakeFiles/RK2.elf.dir/src/DMA_ADC/setup_DMA_ADC.c.obj
 .debug_line    0x00000bf6      0x363 CMakeFiles/RK2.elf.dir/src/DMA_USART1/DMA_FOR_USART1/dma_for_usart1.c.obj
 .debug_line    0x00000f59      0x20a CMakeFiles/RK2.elf.dir/src/DMA_USART1/USART1/usart1.c.obj
 .debug_line    0x00001163      0x220 CMakeFiles/RK2.elf.dir/src/DMA_USART1/setup_DMA_USART1.c.obj
 .debug_line    0x00001383       0x7a CMakeFiles/RK2.elf.dir/src/Startup/startup_stm32f051r8tx.s.obj
 .debug_line    0x000013fd      0x357 CMakeFiles/RK2.elf.dir/src/main.c.obj

.debug_str      0x00000000      0xbef
 .debug_str     0x00000000      0x480 CMakeFiles/RK2.elf.dir/src/COMMAND_RESOLVE/command.c.obj
                                0x532 (size before relaxing)
 .debug_str     0x00000480      0x10e CMakeFiles/RK2.elf.dir/src/DMA_ADC/ADC/adc.c.obj
                                0x37c (size before relaxing)
 .debug_str     0x0000058e      0x2de CMakeFiles/RK2.elf.dir/src/DMA_ADC/DMA_FOR_ADC/dma_for_adc.c.obj
                                0x595 (size before relaxing)
 .debug_str     0x0000086c       0x70 CMakeFiles/RK2.elf.dir/src/DMA_ADC/setup_DMA_ADC.c.obj
                                0x23c (size before relaxing)
 .debug_str     0x000008dc       0xf8 CMakeFiles/RK2.elf.dir/src/DMA_USART1/DMA_FOR_USART1/dma_for_usart1.c.obj
                                0x5e9 (size before relaxing)
 .debug_str     0x000009d4       0x99 CMakeFiles/RK2.elf.dir/src/DMA_USART1/USART1/usart1.c.obj
                                0x309 (size before relaxing)
 .debug_str     0x00000a6d       0x79 CMakeFiles/RK2.elf.dir/src/DMA_USART1/setup_DMA_USART1.c.obj
                                0x258 (size before relaxing)
 .debug_str     0x00000ae6       0x86 CMakeFiles/RK2.elf.dir/src/Startup/startup_stm32f051r8tx.s.obj
                                 0xde (size before relaxing)
 .debug_str     0x00000b6c       0x83 CMakeFiles/RK2.elf.dir/src/main.c.obj
                                0x487 (size before relaxing)

.comment        0x00000000       0x55
 .comment       0x00000000       0x55 CMakeFiles/RK2.elf.dir/src/COMMAND_RESOLVE/command.c.obj
                                 0x56 (size before relaxing)
 .comment       0x00000055       0x56 CMakeFiles/RK2.elf.dir/src/DMA_ADC/ADC/adc.c.obj
 .comment       0x00000055       0x56 CMakeFiles/RK2.elf.dir/src/DMA_ADC/DMA_FOR_ADC/dma_for_adc.c.obj
 .comment       0x00000055       0x56 CMakeFiles/RK2.elf.dir/src/DMA_ADC/setup_DMA_ADC.c.obj
 .comment       0x00000055       0x56 CMakeFiles/RK2.elf.dir/src/DMA_USART1/DMA_FOR_USART1/dma_for_usart1.c.obj
 .comment       0x00000055       0x56 CMakeFiles/RK2.elf.dir/src/DMA_USART1/USART1/usart1.c.obj
 .comment       0x00000055       0x56 CMakeFiles/RK2.elf.dir/src/DMA_USART1/setup_DMA_USART1.c.obj
 .comment       0x00000055       0x56 CMakeFiles/RK2.elf.dir/src/main.c.obj

.debug_frame    0x00000000      0x424
 .debug_frame   0x00000000       0x60 CMakeFiles/RK2.elf.dir/src/COMMAND_RESOLVE/command.c.obj
 .debug_frame   0x00000060       0x78 CMakeFiles/RK2.elf.dir/src/DMA_ADC/ADC/adc.c.obj
 .debug_frame   0x000000d8       0x3c CMakeFiles/RK2.elf.dir/src/DMA_ADC/DMA_FOR_ADC/dma_for_adc.c.obj
 .debug_frame   0x00000114       0x28 CMakeFiles/RK2.elf.dir/src/DMA_ADC/setup_DMA_ADC.c.obj
 .debug_frame   0x0000013c       0x68 CMakeFiles/RK2.elf.dir/src/DMA_USART1/DMA_FOR_USART1/dma_for_usart1.c.obj
 .debug_frame   0x000001a4       0x48 CMakeFiles/RK2.elf.dir/src/DMA_USART1/USART1/usart1.c.obj
 .debug_frame   0x000001ec       0x2c CMakeFiles/RK2.elf.dir/src/DMA_USART1/setup_DMA_USART1.c.obj
 .debug_frame   0x00000218       0x50 CMakeFiles/RK2.elf.dir/src/main.c.obj
 .debug_frame   0x00000268       0x2c c:/progra~2/armgnu~1/12977f~1.2mp/bin/../lib/gcc/arm-none-eabi/12.2.1/thumb/v6-m/nofp\libg.a(libc_a-init.o)
 .debug_frame   0x00000294       0xb0 c:/progra~2/armgnu~1/12977f~1.2mp/bin/../lib/gcc/arm-none-eabi/12.2.1/thumb/v6-m/nofp\libg.a(libc_a-lock.o)
 .debug_frame   0x00000344       0x54 c:/progra~2/armgnu~1/12977f~1.2mp/bin/../lib/gcc/arm-none-eabi/12.2.1/thumb/v6-m/nofp\libg.a(libc_a-__call_atexit.o)
 .debug_frame   0x00000398       0x28 c:/progra~2/armgnu~1/12977f~1.2mp/bin/../lib/gcc/arm-none-eabi/12.2.1/thumb/v6-m/nofp\libg.a(libc_a-atexit.o)
 .debug_frame   0x000003c0       0x2c c:/progra~2/armgnu~1/12977f~1.2mp/bin/../lib/gcc/arm-none-eabi/12.2.1/thumb/v6-m/nofp\libg.a(libc_a-fini.o)
 .debug_frame   0x000003ec       0x38 c:/progra~2/armgnu~1/12977f~1.2mp/bin/../lib/gcc/arm-none-eabi/12.2.1/thumb/v6-m/nofp\libg.a(libc_a-__atexit.o)

.debug_line_str
                0x00000000       0xc2
 .debug_line_str
                0x00000000       0xc2 CMakeFiles/RK2.elf.dir/src/Startup/startup_stm32f051r8tx.s.obj
